[backblue.gif]
[fade.gif]
[index.html]
[star-able-balmoral.glitch.me/script.js]
[star-able-balmoral.glitch.me/index.html]
[cdn.glitch.global/769ba200-0355-45be-a208-df4a85c7c38a/Aleksander_Ojamets_01_Self-portrait.jpeg6eab.jpg]
[aleksander-ojamets.glitch.me/index.html]
[marketing-website-iryna.glitch.me/script.js]
[marketing-website-iryna.glitch.me/index.html]
[cdn.glitch.global/626ddba4-b3ae-43e5-8318-43c4c03c44e4/place-Photoroomfdd5.png]
[cdn.glitch.global/626ddba4-b3ae-43e5-8318-43c4c03c44e4/Знімок екрана 2024-10-14 о 19.43.29ed00.jpg]
[cdn.glitch.global/626ddba4-b3ae-43e5-8318-43c4c03c44e4/Знімок екрана 2024-10-14 о 19.20.06dbf4.jpg]
[cdn.glitch.global/626ddba4-b3ae-43e5-8318-43c4c03c44e4/Знімок екрана 2024-10-14 о 19.14.07995c.jpg]
[cdn.glitch.global/626ddba4-b3ae-43e5-8318-43c4c03c44e4/Знімок екрана 2024-10-14 о 19.34.36c8f2.jpg]
[cdn.glitch.global/626ddba4-b3ae-43e5-8318-43c4c03c44e4/Snapshot-249e3.jpg]
[cdn.glitch.global/626ddba4-b3ae-43e5-8318-43c4c03c44e4/Знімок екрана 2024-10-14 о 19.33.50eb89.jpg]
[cdn.glitch.global/626ddba4-b3ae-43e5-8318-43c4c03c44e4/Знімок екрана 2024-10-14 о 19.37.3962de.jpg]
[cdn.glitch.global/626ddba4-b3ae-43e5-8318-43c4c03c44e4/Знімок екрана 2024-10-14 о 19.31.232dbb.jpg]
[placeholder-final-web.glitch.me/index.html]
[cdn.glitch.global/3b6de933-e61e-4ccf-848a-0f3e778d4f1f/Index7b37.jpg]
[cdn.glitch.global/3b6de933-e61e-4ccf-848a-0f3e778d4f1f/the stagd40a.jpg]
[cdn.glitch.global/3b6de933-e61e-4ccf-848a-0f3e778d4f1f/koie9be.jpg]
[cdn.glitch.global/3b6de933-e61e-4ccf-848a-0f3e778d4f1f/Fox7312.jpg]
[cdn.glitch.global/3b6de933-e61e-4ccf-848a-0f3e778d4f1f/Cowsc7ae.jpg]
[caseys-art-portfolio.glitch.me/index.html]
[cdn.glitch.global/9916ab9f-aa6c-40c2-9bb2-c77619596772/dde71f5725e464c33d131d2fa89bf7ca72c3.gif]
[cdn.glitch.global/287eabb1-badc-477e-8141-d7bd55ca88a9/dec36e679c9572ceb139a072e968d0e9f4e2.jpg]
[cdn.glitch.global/287eabb1-badc-477e-8141-d7bd55ca88a9/IMG_123611da.jpg]
[cdn.glitch.global/287eabb1-badc-477e-8141-d7bd55ca88a9/image_2024-10-01_23-01-16baa1.png]
[spectacled-tourmaline-sea.glitch.me/index.html]
[flannel-tabby-hexagon.glitch.me/index.html]
[cdn.glitch.global/65e77665-d478-49e2-980b-af32c9cf38d5/Blind Mind logo7f52.png]
[cdn.glitch.global/65e77665-d478-49e2-980b-af32c9cf38d5/blind mind top 222761c4.jpg]
[cdn.glitch.global/65e77665-d478-49e2-980b-af32c9cf38d5/0-20faf3.mp3]
[cdn.glitch.global/65e77665-d478-49e2-980b-af32c9cf38d5/Hardstyle-Jumpstyle9e81.mp3]
[cdn.glitch.global/65e77665-d478-49e2-980b-af32c9cf38d5/Last Disco Before Breakdown4e8f.mp3]
[cdn.glitch.global/65e77665-d478-49e2-980b-af32c9cf38d5/Style 27786.mp3]
[cdn.glitch.global/65e77665-d478-49e2-980b-af32c9cf38d5/Evening_22ecb.mp3]
[cdn.glitch.global/65e77665-d478-49e2-980b-af32c9cf38d5/Trap test7c75.mp3]
[cdn.glitch.global/65e77665-d478-49e2-980b-af32c9cf38d5/Trap test 26ae0.mp3]
[cdn.glitch.global/65e77665-d478-49e2-980b-af32c9cf38d5/Vunshc16b.mp3]
[cdn.glitch.global/65e77665-d478-49e2-980b-af32c9cf38d5/Classical Music2514.mp3]
[cdn.glitch.global/65e77665-d478-49e2-980b-af32c9cf38d5/help me1e26.mp3]
[cdn.glitch.global/65e77665-d478-49e2-980b-af32c9cf38d5/Vocaloid Test5653.mp3]
[cdn.glitch.global/65e77665-d478-49e2-980b-af32c9cf38d5/I lost myself226e.mp3]
[cdn.glitch.global/65e77665-d478-49e2-980b-af32c9cf38d5/AI full564f.mp3]
[cdn.glitch.global/65e77665-d478-49e2-980b-af32c9cf38d5/Amnesia blue3160.mp3]
[cdn.glitch.global/65e77665-d478-49e2-980b-af32c9cf38d5/Hardstyle005e.mp3]
[cdn.glitch.global/65e77665-d478-49e2-980b-af32c9cf38d5/-----af4e.mp3]
[cdn.glitch.global/65e77665-d478-49e2-980b-af32c9cf38d5/2097-x1bc5.mp3]
[blind-mind-project.glitch.me/index.html]
[cdn.glitch.global/d9d468cb-f256-448d-855c-9f967bd4598d/IMG_2442534b.jpg]
[cdn.glitch.global/d9d468cb-f256-448d-855c-9f967bd4598d/IMG_2444e819.jpg]
[cdn.glitch.global/d9d468cb-f256-448d-855c-9f967bd4598d/IMG_2441310a.jpg]
[cdn.glitch.global/d9d468cb-f256-448d-855c-9f967bd4598d/IMG_2437ecdb.jpg]
[cdn.glitch.global/d9d468cb-f256-448d-855c-9f967bd4598d/IMG_24848b50.jpg]
[cdn.glitch.global/d9d468cb-f256-448d-855c-9f967bd4598d/images328d.jpg]
[cdn.glitch.global/d9d468cb-f256-448d-855c-9f967bd4598d/48957939_371874900288200_2582863220075134976_n-1024x576337b.jpg]
[cdn.glitch.global/d9d468cb-f256-448d-855c-9f967bd4598d/24018749773_3745378ebd_c8589.jpg]
[cdn.glitch.global/d9d468cb-f256-448d-855c-9f967bd4598d/one-love-espresso-bar30c3.jpg]
[cdn.glitch.global/d9d468cb-f256-448d-855c-9f967bd4598d/FullSizeRender_VSCO 2 — копия740d.jpg]
[explorekyivolha.glitch.me/index.html]
[cdn.glitch.global/22f8d434-8c00-4eef-8b34-a26bebddd1cd/IMG_6792cf62.jpg]
[goodvibezrunningcamp.glitch.me/index.html]
[nebula-wholesale-pruner.glitch.me/index.html]
[cdn.glitch.global/3eed07bf-9fde-424d-a9b4-a081af5c14f2/360_F_397997678_vHi38sKNNQ9VEx2K6vomqUJjGul4DUwy70be.jpg]
[ossukee-portfolio.glitch.me/index.html]
[pianist-for-hire.glitch.me/index.html]
[andriis-blog-updated.glitch.me/index.html]
[carbonated-super-maraca.glitch.me/index.html]
[cdn.glitch.global/89647dde-3a08-4b9c-959e-5a51a99f2c4e/download-187b5.png]
[cdn.glitch.global/89647dde-3a08-4b9c-959e-5a51a99f2c4e/download171a.png]
[cdn.glitch.global/89647dde-3a08-4b9c-959e-5a51a99f2c4e/flavia-66aba8126f54982a2.png]
[cdn.glitch.global/89647dde-3a08-4b9c-959e-5a51a99f2c4e/allTHTH6season6charactersocialart-Bri9x16vrgbevergreen-eea9c20eb31.jpg]
[cdn.glitch.global/89647dde-3a08-4b9c-959e-5a51a99f2c4e/Screenshot 2024-11-04 at 00.21.1409f9.png]
[toohottohandle.glitch.me/index.html]
[salt-ninth-femur.glitch.me/index.html]
[cdn.glitch.global/3975ffc2-d8a8-4f2f-b24c-e00a93601e44/home-bg9453.jpg]
[star-able-balmoral.glitch.me/styles.css]
[star-able-balmoral.glitch.me/index-2.html]
[cdn.glitch.global/3975ffc2-d8a8-4f2f-b24c-e00a93601e44/Chocolate delight7e79.jpg]
[cdn.glitch.global/3975ffc2-d8a8-4f2f-b24c-e00a93601e44/Napoleon150b.jpg]
[cdn.glitch.global/3975ffc2-d8a8-4f2f-b24c-e00a93601e44/_ (2) 34510.jpg]
[cdn.glitch.global/3975ffc2-d8a8-4f2f-b24c-e00a93601e44/Strawberry dream11b3.jpg]
[cdn.glitch.global/3975ffc2-d8a8-4f2f-b24c-e00a93601e44/Tiramisu84ae.jpg]
[cdn.glitch.global/3975ffc2-d8a8-4f2f-b24c-e00a93601e44/Honey cake7859.jpg]
[cdn.glitch.global/3975ffc2-d8a8-4f2f-b24c-e00a93601e44/Cupcakechoco2330.jpg]
[cdn.glitch.global/3975ffc2-d8a8-4f2f-b24c-e00a93601e44/Cupcakes8a79.jpg]
[star-able-balmoral.glitch.me/menu.html]
[cdn.glitch.global/3975ffc2-d8a8-4f2f-b24c-e00a93601e44/pastry-chef 116d7.jpg]
[star-able-balmoral.glitch.me/about.html]
[aleksander-ojamets.glitch.me/public/style.css]
[aleksander-ojamets.glitch.me/posts/course-01/index.html]
[cdn.glitch.global/769ba200-0355-45be-a208-df4a85c7c38a/Aleksander_Ojamets_02_Portrait in natural light.jpeg6ed4.jpg]
[cdn.glitch.global/769ba200-0355-45be-a208-df4a85c7c38a/Aleksander_Ojamets_03_High key portrait.jpeg5371.jpg]
[cdn.glitch.global/769ba200-0355-45be-a208-df4a85c7c38a/Aleksander_Ojamets_04_Low key portrait.jpeg538b.jpg]
[cdn.glitch.global/769ba200-0355-45be-a208-df4a85c7c38a/Aleksander_Ojamets_05_Cityscape.jpega4b9.jpg]
[cdn.glitch.global/769ba200-0355-45be-a208-df4a85c7c38a/Aleksander_Ojamets_07_Reportage.jpgc99f.jpg]
[cdn.glitch.global/769ba200-0355-45be-a208-df4a85c7c38a/Aleksander_Ojamets_08_Still-life.jpgbeed.jpg]
[cdn.glitch.global/769ba200-0355-45be-a208-df4a85c7c38a/Aleksander_Ojamets_09_Street photography.jpgbe08.jpg]
[cdn.glitch.global/769ba200-0355-45be-a208-df4a85c7c38a/Aleksander_Ojamets_10_Free topic.jpgb0d0.jpg]
[aleksander-ojamets.glitch.me/posts/course-02/index.html]
[aleksander-ojamets.glitch.me/posts.html]
[aleksander-ojamets.glitch.me/about.html]
[marketing-website-iryna.glitch.me/style.css]
[cdn.glitch.global/32c180bc-6721-4d71-9bd7-c61a1682f689/_ (12]
[marketing-website-iryna.glitch.me/index-2.html]
[cdn.glitch.global/32c180bc-6721-4d71-9bd7-c61a1682f689/Purple Thermal Gradient9c68.jpg]
[marketing-website-iryna.glitch.me/about-me.html]
[cdn.glitch.global/32c180bc-6721-4d71-9bd7-c61a1682f689/Aesthetic Gradient Wallpaper9be1.jpg]
[marketing-website-iryna.glitch.me/services.html]
[placeholder-final-web.glitch.me/public/style.css]
[cdn.glitch.global/626ddba4-b3ae-43e5-8318-43c4c03c44e4/Знімок екрана 2024-10-14 о 19.42.14fefa.jpg]
[cdn.glitch.global/626ddba4-b3ae-43e5-8318-43c4c03c44e4/Tommy McMahan and the Trinity Properties Group wants to know! How many 80’s Movies 🎥 have you seen and which in the list is your favorite 🍿_ #TPG #MovieWatchingIsASport.a32f6f.delay]
[placeholder-final-web.glitch.me/booked.html]
[cdn.glitch.global/626ddba4-b3ae-43e5-8318-43c4c03c44e4/Disco Cowgirl Party Decor Ideas - Haute Off The Rack7122.jpg]
[placeholder-final-web.glitch.me/liked.html]
[placeholder-final-web.glitch.me/about.html]
[placeholder-final-web.glitch.me/chats.html]
[cdn.glitch.global/626ddba4-b3ae-43e5-8318-43c4c03c44e4/ 5228.jpg]
[placeholder-final-web.glitch.me/events and available rooms.html]
[cdn.glitch.global/626ddba4-b3ae-43e5-8318-43c4c03c44e4/Slumber Party Horror Moviesc50b.jpg]
[placeholder-final-web.glitch.me/my account.html]
[caseys-art-portfolio.glitch.me/public/style.css]
[caseys-art-portfolio.glitch.me/posts/The-Stag/index.html]
[caseys-art-portfolio.glitch.me/posts/Serenity/index.html]
[caseys-art-portfolio.glitch.me/posts/Snow/index.html]
[caseys-art-portfolio.glitch.me/posts/Cows/index.html]
[caseys-art-portfolio.glitch.me/posts.html]
[caseys-art-portfolio.glitch.me/about.html]
[cdn.glitch.global/3b6de933-e61e-4ccf-848a-0f3e778d4f1f/IMG_12596365.jpg]
[cdn.glitch.global/9916ab9f-aa6c-40c2-9bb2-c77619596772/f9ea9efb690f39daeb1286f7a83c873fcce6.gif]
[spectacled-tourmaline-sea.glitch.me/page1.html]
[spectacled-tourmaline-sea.glitch.me/page2.html]
[spectacled-tourmaline-sea.glitch.me/page3.html]
[flannel-tabby-hexagon.glitch.me/styles.css]
[cdn.glitch.global/8b155ff7-b54a-49eb-8f22-e70fc16f660a/IMG_55138ac1.jpg]
[cdn.glitch.global/8b155ff7-b54a-49eb-8f22-e70fc16f660a/IMG_5505 (1)6551.jpg]
[cdn.glitch.global/8b155ff7-b54a-49eb-8f22-e70fc16f660a/IMG_5508be13.jpg]
[cdn.glitch.global/8b155ff7-b54a-49eb-8f22-e70fc16f660a/IMG_55099b02.jpg]
[cdn.glitch.global/8b155ff7-b54a-49eb-8f22-e70fc16f660a/IMG_55045bd7.jpg]
[flannel-tabby-hexagon.glitch.me/projects.html]
[flannel-tabby-hexagon.glitch.me/services.html]
[cdn.glitch.global/8b155ff7-b54a-49eb-8f22-e70fc16f660a/511-5111617_phone-white-icon-free-call-icon-png-white-removebg-previewaef9.png]
[flannel-tabby-hexagon.glitch.me/contacts.html]
[cdn.glitch.global/65e77665-d478-49e2-980b-af32c9cf38d5/he-junhui-FNFBN4-GdlQ-unsplash61d9.jpg]
[blind-mind-project.glitch.me/public/style.css]
[blind-mind-project.glitch.me/posts/post 1/index.html]
[blind-mind-project.glitch.me/posts.html]
[blind-mind-project.glitch.me/about.html]
[explorekyivolha.glitch.me/style.css]
[goodvibezrunningcamp.glitch.me/public/style.css]
[goodvibezrunningcamp.glitch.me/posts/ABOUT US/index.html]
[cdn.glitch.global/22f8d434-8c00-4eef-8b34-a26bebddd1cd/YEE2018.jpg]
[goodvibezrunningcamp.glitch.me/posts/BRUNNINGCAMP/index.html]
[goodvibezrunningcamp.glitch.me/posts/TEAM/index.html]
[cdn.glitch.global/22f8d434-8c00-4eef-8b34-a26bebddd1cd/Nimetu kujundus-310b9.png]
[cdn.glitch.global/22f8d434-8c00-4eef-8b34-a26bebddd1cd/Nimetu kujundus-47b48.png]
[cdn.glitch.global/22f8d434-8c00-4eef-8b34-a26bebddd1cd/Nimetu kujundus-589b8.png]
[goodvibezrunningcamp.glitch.me/posts/GALLERY/index.html]
[goodvibezrunningcamp.glitch.me/posts.html]
[goodvibezrunningcamp.glitch.me/about.html]
[cdn.glitch.global/3eed07bf-9fde-424d-a9b4-a081af5c14f2/Untitled345_20241015133503e830.jpg]
[cdn.glitch.global/3eed07bf-9fde-424d-a9b4-a081af5c14f2/Untitled258_202409212025384752.jpg]
[cdn.glitch.global/3eed07bf-9fde-424d-a9b4-a081af5c14f2/Untitled350_202410291528421081.jpg]
[cdn.glitch.global/3eed07bf-9fde-424d-a9b4-a081af5c14f2/Untitled240_2024053005091689c4.jpg]
[cdn.glitch.global/3eed07bf-9fde-424d-a9b4-a081af5c14f2/Untitled190_20240324060910aa88.png]
[cdn.glitch.global/3eed07bf-9fde-424d-a9b4-a081af5c14f2/DDDAE041-0AEF-4686-A9AE-9E5565A843C44910.jpg]
[ossukee-portfolio.glitch.me/graphic.html]
[cdn.glitch.global/3eed07bf-9fde-424d-a9b4-a081af5c14f2/copy_46F3E64D-7887-49CF-B56C-6E6BB604DBD1a9ae.qt]
[ossukee-portfolio.glitch.me/edit.html]
[cdn.glitch.global/3eed07bf-9fde-424d-a9b4-a081af5c14f2/Instagram-logo-white-PNG-large-sizef7c8.png]
[cdn.glitch.global/3eed07bf-9fde-424d-a9b4-a081af5c14f2/Open_Envelope_PNG_Clip_Art_Image946a.png]
[ossukee-portfolio.glitch.me/contact.html]
[cdn.glitch.global/3eed07bf-9fde-424d-a9b4-a081af5c14f2/Spotify_Primary_Logo_RGB_White6818.png]
[cdn.glitch.global/3eed07bf-9fde-424d-a9b4-a081af5c14f2/soundcloud-icon-2048x888-k4c33ssc5939.png]
[ossukee-portfolio.glitch.me/music.html]
[pianist-for-hire.glitch.me/public/style.css]
[pianist-for-hire.glitch.me/posts/cheerful/index.html]
[pianist-for-hire.glitch.me/posts/all_past_performances/index.html]
[pianist-for-hire.glitch.me/posts/past/index.html]
[pianist-for-hire.glitch.me/posts/my_blog/index.html]
[pianist-for-hire.glitch.me/posts.html]
[pianist-for-hire.glitch.me/about.html]
[pianist-for-hire.glitch.me/contact.html]
[andriis-blog-updated.glitch.me/public/style.css]
[cdn.glitch.global/2b473ba5-c790-452f-bfcc-5532df35f0ca/MV5BYThiN2M0NTItODRmNC00NDhlLWFiYTgtMWM2YTEyYzI3ZTY1XkEyXkFqcGc@._V1_FMjpg_UX1000_c029.jpg]
[cdn.glitch.global/2b473ba5-c790-452f-bfcc-5532df35f0ca/F_1_Anora_bca4e9cef8_big_16_9facf.jpg]
[cdn.glitch.global/2b473ba5-c790-452f-bfcc-5532df35f0ca/fdeed1d6-a323-4f55-9f47-930d1d24c879c2ab.avif]
[cdn.glitch.global/2b473ba5-c790-452f-bfcc-5532df35f0ca/HPDD5S66MBER4ZG7RUFRMK2ZQQ7cfa.avif]
[andriis-blog-updated.glitch.me/posts/Anora/index.html]
[cdn.glitch.global/2b473ba5-c790-452f-bfcc-5532df35f0ca/MV5BNTc0YmQxMjEtODI5MC00NjFiLTlkMWUtOGQ5NjFmYWUyZGJhXkEyXkFqcGc@._V1_904e.jpg]
[cdn.glitch.global/2b473ba5-c790-452f-bfcc-5532df35f0ca/Dune-Pt-Two-7135b.webp]
[cdn.glitch.global/2b473ba5-c790-452f-bfcc-5532df35f0ca/V42TS4G7T6BFWCO2UXGYLTKL6Eadf2.avif]
[andriis-blog-updated.glitch.me/posts/Dune_-Part-Two/index.html]
[andriis-blog-updated.glitch.me/posts/Mulholland/index.html]
[andriis-blog-updated.glitch.me/posts/Pastlives/index.html]
[andriis-blog-updated.glitch.me/posts/Risky-Business/index.html]
[andriis-blog-updated.glitch.me/posts/idk/index.html]
[andriis-blog-updated.glitch.me/posts/penguin/index.html]
[andriis-blog-updated.glitch.me/posts.html]
[cdn.glitch.global/6a5cb3d3-3329-4988-aab3-60c6f602df1a/578285138492271989681a5.jpg]
[andriis-blog-updated.glitch.me/about.html]
[carbonated-super-maraca.glitch.me/about.html]
[carbonated-super-maraca.glitch.me/projects.html]
[carbonated-super-maraca.glitch.me/contact.html]
[toohottohandle.glitch.me/submission.html]
[toohottohandle.glitch.me/frequentquestions.html]
[toohottohandle.glitch.me/meet.html]
[salt-ninth-femur.glitch.me/public/style.css]
[salt-ninth-femur.glitch.me/posts/sfd/index.html]
[cdn.glitch.global/69143b37-6fb0-458e-a788-f7f7da5b130f/Untitled design (14)f22c.png]
[salt-ninth-femur.glitch.me/posts/madness/index.html]
[cdn.glitch.global/69143b37-6fb0-458e-a788-f7f7da5b130f/Untitled design (15)e8f2.png]
[salt-ninth-femur.glitch.me/posts/bts/index.html]
[cdn.glitch.global/69143b37-6fb0-458e-a788-f7f7da5b130f/Untitled design (12)9c4a.png]
[cdn.glitch.global/69143b37-6fb0-458e-a788-f7f7da5b130f/Untitled design (10)27be.png]
[cdn.glitch.global/69143b37-6fb0-458e-a788-f7f7da5b130f/Untitled design (13)a34f.png]
[salt-ninth-femur.glitch.me/posts/center/index.html]
[salt-ninth-femur.glitch.me/posts.html]
[salt-ninth-femur.glitch.me/about.html]
[aleksander-ojamets.glitch.me/posts/index.html]
[aleksander-ojamets.glitch.me/about/index.html]
[marketing-website-iryna.glitch.me/background-placeholder.html]
[cdn.glitch.global/32c180bc-6721-4d71-9bd7-c61a1682f689/_ (11]
[marketing-website-iryna.glitch.me/about-bg.html]
[placeholder-final-web.glitch.me/booked/index.html]
[placeholder-final-web.glitch.me/liked/index.html]
[placeholder-final-web.glitch.me/about/index.html]
[placeholder-final-web.glitch.me/chats/index.html]
[placeholder-final-web.glitch.me/events and available rooms/index.html]
[placeholder-final-web.glitch.me/my account/index.html]
[caseys-art-portfolio.glitch.me/posts/index.html]
[caseys-art-portfolio.glitch.me/about/index.html]
[flannel-tabby-hexagon.glitch.me/index-2.html]
[blind-mind-project.glitch.me/posts/index.html]
[blind-mind-project.glitch.me/about/index.html]
[goodvibezrunningcamp.glitch.me/posts/index.html]
[goodvibezrunningcamp.glitch.me/about/index.html]
[ossukee-portfolio.glitch.me/index-2.html]
[pianist-for-hire.glitch.me/posts/index.html]
[pianist-for-hire.glitch.me/about/index.html]
[pianist-for-hire.glitch.me/contact/index.html]
[andriis-blog-updated.glitch.me/posts/index.html]
[andriis-blog-updated.glitch.me/about/index.html]
[carbonated-super-maraca.glitch.me/index-2.html]
[toohottohandle.glitch.me/sparkle.html]
[toohottohandle.glitch.me/index-2.html]
[salt-ninth-femur.glitch.me/posts/index.html]
[salt-ninth-femur.glitch.me/about/index.html]
