[backblue.gif]
[fade.gif]
[index.html]
[cdn.glitch.global/80bb757c-c39c-4400-90ec-bad06a148ff6/baobab1db3.MP4]
[tricolor-tortoiseshell-sink.glitch.me/index.html]
[hiphop-events-2025.glitch.me/index.html]
[cdn.glitch.global/72d21c19-2de4-4ac9-b5f1-ecefd247e8c4/Chocolate cake2aa3.jpg]
[cdn.glitch.global/72d21c19-2de4-4ac9-b5f1-ecefd247e8c4/Strawberry cakeaab4.jpg]
[cdn.glitch.global/72d21c19-2de4-4ac9-b5f1-ecefd247e8c4/Napoleona2f7.jpg]
[cdn.glitch.global/72d21c19-2de4-4ac9-b5f1-ecefd247e8c4/Tiramisú 1cb25.jpg]
[cdn.glitch.global/72d21c19-2de4-4ac9-b5f1-ecefd247e8c4/Honey cake 180ca.jpg]
[cdn.glitch.global/72d21c19-2de4-4ac9-b5f1-ecefd247e8c4/_ (2) 11df0.jpg]
[quilled-spiced-car.glitch.me/script.js]
[quilled-spiced-car.glitch.me/index.html]
[cdn.glitch.global/6ec684ce-4c6e-4ce9-8882-6a798719f942/IMG_4261357d.png]
[cdn.glitch.global/6ec684ce-4c6e-4ce9-8882-6a798719f942/IMG_42593e3c.png]
[cdn.glitch.global/6ec684ce-4c6e-4ce9-8882-6a798719f942/IMG_425715ba.png]
[cdn.glitch.global/6ec684ce-4c6e-4ce9-8882-6a798719f942/IMG_42564eb6.png]
[cdn.glitch.global/6ec684ce-4c6e-4ce9-8882-6a798719f942/IMG_425565c2.png]
[miasmatchablog.glitch.me/index.html]
[cdn.glitch.global/d9d468cb-f256-448d-855c-9f967bd4598d/IMG_2442534b.jpg]
[cdn.glitch.global/d9d468cb-f256-448d-855c-9f967bd4598d/IMG_2444e819.jpg]
[cdn.glitch.global/d9d468cb-f256-448d-855c-9f967bd4598d/IMG_2441310a.jpg]
[cdn.glitch.global/d9d468cb-f256-448d-855c-9f967bd4598d/IMG_2437ecdb.jpg]
[cdn.glitch.global/d9d468cb-f256-448d-855c-9f967bd4598d/IMG_24848b50.jpg]
[cdn.glitch.global/d9d468cb-f256-448d-855c-9f967bd4598d/images328d.jpg]
[cdn.glitch.global/d9d468cb-f256-448d-855c-9f967bd4598d/48957939_371874900288200_2582863220075134976_n-1024x576337b.jpg]
[cdn.glitch.global/d9d468cb-f256-448d-855c-9f967bd4598d/24018749773_3745378ebd_c8589.jpg]
[cdn.glitch.global/d9d468cb-f256-448d-855c-9f967bd4598d/one-love-espresso-bar30c3.jpg]
[cdn.glitch.global/d9d468cb-f256-448d-855c-9f967bd4598d/FullSizeRender_VSCO 2 — копия740d.jpg]
[explorekyivolha.glitch.me/index.html]
[dingkang-test.glitch.me/script.js]
[dingkang-test.glitch.me/index.html]
[cdn.glitch.global/22f8d434-8c00-4eef-8b34-a26bebddd1cd/IMG_6792cf62.jpg]
[goodvibezrunningcamp.glitch.me/index.html]
[cdn.glitch.global/d1236aa2-8dc6-4d30-84f1-4618f4adea58/Subject5bd1.png]
[my-summer-diary.glitch.me/index.html]
[cdn.glitch.global/680648f7-9453-4f00-aef8-0343a5801ea0/sunsttteb08.jpg]
[crystal-low-albertosaurus.glitch.me/index.html]
[cdn.glitch.global/f31e27c7-a5b5-4d37-87d4-3510f98fd192/d967a613ca7ef26f180b146bf400a13c3bcb.jpg]
[cdn.glitch.global/f31e27c7-a5b5-4d37-87d4-3510f98fd192/TokyoPremiere1a8f2.webp]
[cdn.glitch.global/f31e27c7-a5b5-4d37-87d4-3510f98fd192/when-people-thought-lindsay-lohan-was-carrying-cocaine-in-v0-agu1veqyhy1c14afa.webp]
[cdn.glitch.global/f31e27c7-a5b5-4d37-87d4-3510f98fd192/Untitled111_2023062823101104ae.jpg]
[mutherland.glitch.me/index.html]
[cdn.glitch.global/034006c2-5243-497d-ad46-c4e272d33558/Дизайн без названия-4504f.jpg]
[elizabeths-clothing.glitch.me/index.html]
[accurate-rain-wannanosaurus.glitch.me/js/slides.min.js]
[accurate-rain-wannanosaurus.glitch.me/assets/img/arcane-logo.png]
[accurate-rain-wannanosaurus.glitch.me/assets/img/bg-1.jpg]
[accurate-rain-wannanosaurus.glitch.me/assets/img/leagueoflol.png]
[accurate-rain-wannanosaurus.glitch.me/assets/img/community.png]
[accurate-rain-wannanosaurus.glitch.me/assets/img/trailer.jpg]
[accurate-rain-wannanosaurus.glitch.me/assets/img/bg-2.jpg]
[accurate-rain-wannanosaurus.glitch.me/assets/img/piltover1.jpg]
[accurate-rain-wannanosaurus.glitch.me/assets/img/piltover2.webp]
[accurate-rain-wannanosaurus.glitch.me/assets/img/zaun1.webp]
[accurate-rain-wannanosaurus.glitch.me/assets/img/zaun2.webp]
[accurate-rain-wannanosaurus.glitch.me/assets/img/bg-3.jpg]
[accurate-rain-wannanosaurus.glitch.me/assets/img/vi.webp]
[accurate-rain-wannanosaurus.glitch.me/assets/img/powder.jpg]
[accurate-rain-wannanosaurus.glitch.me/assets/img/vander.jpg]
[accurate-rain-wannanosaurus.glitch.me/assets/img/silco.jpg]
[accurate-rain-wannanosaurus.glitch.me/assets/img/ekko.jpg]
[accurate-rain-wannanosaurus.glitch.me/assets/img/caithlyn.jpg]
[accurate-rain-wannanosaurus.glitch.me/assets/img/jayce.jpg]
[accurate-rain-wannanosaurus.glitch.me/assets/img/bg-4.jpg]
[accurate-rain-wannanosaurus.glitch.me/assets/img/bg-5.jpg]
[accurate-rain-wannanosaurus.glitch.me/assets/img/123.jpg]
[accurate-rain-wannanosaurus.glitch.me/assets/img/12344.jpg]
[accurate-rain-wannanosaurus.glitch.me/assets/img/123455.jpg]
[accurate-rain-wannanosaurus.glitch.me/assets/img/bg-6.jpg]
[accurate-rain-wannanosaurus.glitch.me/assets/img/bg-7.jpg]
[accurate-rain-wannanosaurus.glitch.me/index.html]
[periodic-rigorous-selenium.glitch.me/index.html]
[cdn.glitch.global/6a173a61-0fb5-4909-8294-bfa38cb866bc/photo_2024-09-22 14.15.293afe.jpg]
[travel-blog-ingaj.glitch.me/index.html]
[cdn.glitch.global/769ba200-0355-45be-a208-df4a85c7c38a/Aleksander_Ojamets_01_Self-portrait.jpeg6eab.jpg]
[aleksander-ojamets.glitch.me/index.html]
[cdn.glitch.global/dc30304f-fe4f-497b-9d39-5b8d4748827a/images3419.jpg]
[my-piano-blog.glitch.me/index.html]
[marketing-website-iryna.glitch.me/script.js]
[marketing-website-iryna.glitch.me/index.html]
[cdn.glitch.global/5e0a386a-4c53-4a78-bcbf-cf91a5c0df98/20240926_2135098d99.jpg]
[film-camera.glitch.me/index.html]
[cdn.glitch.global/287eabb1-badc-477e-8141-d7bd55ca88a9/dec36e679c9572ceb139a072e968d0e9f4e2.jpg]
[cdn.glitch.global/287eabb1-badc-477e-8141-d7bd55ca88a9/IMG_123611da.jpg]
[cdn.glitch.global/287eabb1-badc-477e-8141-d7bd55ca88a9/image_2024-10-01_23-01-16baa1.png]
[lada-lex-bookshelf-main.glitch.me/index.html]
[andriis-movie-blog.glitch.me/index.html]
[tricolor-tortoiseshell-sink.glitch.me/style.css]
[hiphop-events-2025.glitch.me/public/style.css]
[hiphop-events-2025.glitch.me/posts/battkes/index.html]
[hiphop-events-2025.glitch.me/posts/battle/index.html]
[hiphop-events-2025.glitch.me/posts/center. (lv)/index.html]
[hiphop-events-2025.glitch.me/posts/important dictionary/index.html]
[hiphop-events-2025.glitch.me/posts.html]
[hiphop-events-2025.glitch.me/about.html]
[quilled-spiced-car.glitch.me/styles.css]
[miasmatchablog.glitch.me/about.html]
[cdn.glitch.global/6ec684ce-4c6e-4ce9-8882-6a798719f942/IMG_42451051.jpg]
[miasmatchablog.glitch.me/blog.html]
[explorekyivolha.glitch.me/style.css]
[cdn.glitch.global/38360c16-b145-474c-b53b-56963d14ece7/IMG_20220714_0827110639.jpg]
[cdn.glitch.global/38360c16-b145-474c-b53b-56963d14ece7/mcsteve2954.jpg]
[cdn.glitch.global/38360c16-b145-474c-b53b-56963d14ece7/prospectf8ee.jpg]
[cdn.glitch.global/38360c16-b145-474c-b53b-56963d14ece7/vansirec846.jpg]
[dingkang-test.glitch.me/style.css]
[cdn.glitch.global/38360c16-b145-474c-b53b-56963d14ece7/mc1de33.jpg]
[cdn.glitch.global/38360c16-b145-474c-b53b-56963d14ece7/mc23362.jpg]
[dingkang-test.glitch.me/post1.html]
[cdn.glitch.global/38360c16-b145-474c-b53b-56963d14ece7/prospect12486.jpg]
[cdn.glitch.global/38360c16-b145-474c-b53b-56963d14ece7/prospect244cf.jpg]
[dingkang-test.glitch.me/post2.html]
[cdn.glitch.global/38360c16-b145-474c-b53b-56963d14ece7/vansire24451.jpg]
[cdn.glitch.global/38360c16-b145-474c-b53b-56963d14ece7/limecordiale23f4.jpg]
[dingkang-test.glitch.me/post3.html]
[goodvibezrunningcamp.glitch.me/public/style.css]
[goodvibezrunningcamp.glitch.me/posts/ABOUT US/index.html]
[cdn.glitch.global/22f8d434-8c00-4eef-8b34-a26bebddd1cd/YEE2018.jpg]
[goodvibezrunningcamp.glitch.me/posts/BRUNNINGCAMP/index.html]
[goodvibezrunningcamp.glitch.me/posts/TEAM/index.html]
[cdn.glitch.global/22f8d434-8c00-4eef-8b34-a26bebddd1cd/Nimetu kujundus-310b9.png]
[cdn.glitch.global/22f8d434-8c00-4eef-8b34-a26bebddd1cd/Nimetu kujundus-47b48.png]
[cdn.glitch.global/22f8d434-8c00-4eef-8b34-a26bebddd1cd/Nimetu kujundus-589b8.png]
[goodvibezrunningcamp.glitch.me/posts/GALLERY/index.html]
[goodvibezrunningcamp.glitch.me/posts.html]
[goodvibezrunningcamp.glitch.me/about.html]
[my-summer-diary.glitch.me/public/style.css]
[cdn.glitch.global/d1236aa2-8dc6-4d30-84f1-4618f4adea58/thumbnails_Lemons3b23.jpg]
[cdn.glitch.global/d1236aa2-8dc6-4d30-84f1-4618f4adea58/thumbnails_Lemons 2a031.jpg]
[my-summer-diary.glitch.me/posts/made-homemade-limoncello/index.html]
[my-summer-diary.glitch.me/posts/Visited-the-butterfly-house/index.html]
[cdn.glitch.global/d1236aa2-8dc6-4d30-84f1-4618f4adea58/Butterflyaa2d.jpg]
[cdn.glitch.global/d1236aa2-8dc6-4d30-84f1-4618f4adea58/thumbnails_Bunnies_2fa2c.jpg]
[cdn.glitch.global/d1236aa2-8dc6-4d30-84f1-4618f4adea58/thumbnails_Pony7ed6.jpg]
[cdn.glitch.global/d1236aa2-8dc6-4d30-84f1-4618f4adea58/thumbnails_Bunnyfcf0.jpg]
[my-summer-diary.glitch.me/posts/visited-a-hobby-farm/index.html]
[cdn.glitch.global/d1236aa2-8dc6-4d30-84f1-4618f4adea58/thumbnails_Alpakad962c.jpg]
[cdn.glitch.global/d1236aa2-8dc6-4d30-84f1-4618f4adea58/thumbnails_baby_alpacaf23f.jpg]
[my-summer-diary.glitch.me/posts/visited-an-alpaca-farm/index.html]
[my-summer-diary.glitch.me/posts/Spent-time-in-laanemaa/index.html]
[cdn.glitch.global/d1236aa2-8dc6-4d30-84f1-4618f4adea58/thumbnails_Roosta6788.jpg]
[my-summer-diary.glitch.me/posts.html]
[my-summer-diary.glitch.me/about.html]
[cdn.glitch.global/d1236aa2-8dc6-4d30-84f1-4618f4adea58/Lemmik 30!4a60.jpg]
[crystal-low-albertosaurus.glitch.me/public/style.css]
[crystal-low-albertosaurus.glitch.me/posts/next-steps/index.html]
[cdn.glitch.global/680648f7-9453-4f00-aef8-0343a5801ea0/images (2)2359.png]
[cdn.glitch.global/680648f7-9453-4f00-aef8-0343a5801ea0/communityIcon_v1tnbd16mtra1543c.png]
[cdn.glitch.global/680648f7-9453-4f00-aef8-0343a5801ea0/-KDMbIptUJwCXZBcNZz3gQjYY3tddb2Mt9CJotl1Biw2cf5.avif]
[cdn.glitch.global/680648f7-9453-4f00-aef8-0343a5801ea0/John_pork7130.webp]
[cdn.glitch.global/680648f7-9453-4f00-aef8-0343a5801ea0/static-assets-upload2406725110279755681d6ff.webp]
[crystal-low-albertosaurus.glitch.me/posts.html]
[crystal-low-albertosaurus.glitch.me/Test.html]
[crystal-low-albertosaurus.glitch.me/about.html]
[elizabeths-clothing.glitch.me/public/style.css]
[elizabeths-clothing.glitch.me/about.html]
[cdn.glitch.global/034006c2-5243-497d-ad46-c4e272d33558/FullSizeRenderedd8.jpg]
[cdn.glitch.global/034006c2-5243-497d-ad46-c4e272d33558/IMG_01813fff.jpg]
[cdn.glitch.global/034006c2-5243-497d-ad46-c4e272d33558/FullSizeRender8007.jpg]
[elizabeths-clothing.glitch.me/posts/Cozy Fall Layers/index.html]
[cdn.glitch.global/034006c2-5243-497d-ad46-c4e272d33558/IMG_01931b3d.jpg]
[cdn.glitch.global/034006c2-5243-497d-ad46-c4e272d33558/accessories7c67.jpg]
[elizabeths-clothing.glitch.me/posts/Complete Outfit/index.html]
[elizabeths-clothing.glitch.me/posts.html]
[accurate-rain-wannanosaurus.glitch.me/css/slides.min.css]
[periodic-rigorous-selenium.glitch.me/public/style.css]
[cdn.glitch.global/d2e1b170-b40f-4e8c-bec4-404e88836d5f/tzatziki wrong9fa9.jpg]
[periodic-rigorous-selenium.glitch.me/posts/creating-posts/index.html]
[cdn.glitch.global/d2e1b170-b40f-4e8c-bec4-404e88836d5f/srirachabf1d.jpg]
[periodic-rigorous-selenium.glitch.me/posts.html]
[cdn.glitch.global/d2e1b170-b40f-4e8c-bec4-404e88836d5f/me9fea.jpg]
[periodic-rigorous-selenium.glitch.me/about.html]
[travel-blog-ingaj.glitch.me/style.css]
[travel-blog-ingaj.glitch.me/index-2.html]
[travel-blog-ingaj.glitch.me/blog.html]
[cdn.glitch.global/6a173a61-0fb5-4909-8294-bfa38cb866bc/photo_2024-09-22 14.15.5107c4.jpg]
[travel-blog-ingaj.glitch.me/about.html]
[travel-blog-ingaj.glitch.me/contact.html]
[travel-blog-ingaj.glitch.me/post-como.html]
[aleksander-ojamets.glitch.me/public/style.css]
[aleksander-ojamets.glitch.me/posts/course-01/index.html]
[cdn.glitch.global/769ba200-0355-45be-a208-df4a85c7c38a/Aleksander_Ojamets_02_Portrait in natural light.jpeg6ed4.jpg]
[cdn.glitch.global/769ba200-0355-45be-a208-df4a85c7c38a/Aleksander_Ojamets_03_High key portrait.jpeg5371.jpg]
[cdn.glitch.global/769ba200-0355-45be-a208-df4a85c7c38a/Aleksander_Ojamets_04_Low key portrait.jpeg538b.jpg]
[cdn.glitch.global/769ba200-0355-45be-a208-df4a85c7c38a/Aleksander_Ojamets_05_Cityscape.jpega4b9.jpg]
[cdn.glitch.global/769ba200-0355-45be-a208-df4a85c7c38a/Aleksander_Ojamets_07_Reportage.jpgc99f.jpg]
[cdn.glitch.global/769ba200-0355-45be-a208-df4a85c7c38a/Aleksander_Ojamets_08_Still-life.jpgbeed.jpg]
[cdn.glitch.global/769ba200-0355-45be-a208-df4a85c7c38a/Aleksander_Ojamets_09_Street photography.jpgbe08.jpg]
[cdn.glitch.global/769ba200-0355-45be-a208-df4a85c7c38a/Aleksander_Ojamets_10_Free topic.jpgb0d0.jpg]
[aleksander-ojamets.glitch.me/posts/course-02/index.html]
[aleksander-ojamets.glitch.me/posts.html]
[aleksander-ojamets.glitch.me/about.html]
[my-piano-blog.glitch.me/public/style.css]
[my-piano-blog.glitch.me/posts/gymnopedie-1/index.html]
[my-piano-blog.glitch.me/posts/minuet-in-g/index.html]
[my-piano-blog.glitch.me/posts/to-a-wild-rose/index.html]
[my-piano-blog.glitch.me/posts/prelude-in-Csharp-major-op3-no2/index.html]
[my-piano-blog.glitch.me/posts/nocturne-in-Csharp-minor/index.html]
[my-piano-blog.glitch.me/posts/nocturne-op9-no2/index.html]
[my-piano-blog.glitch.me/posts/prelude-op28-no7/index.html]
[my-piano-blog.glitch.me/posts/liebestraum-no3/index.html]
[my-piano-blog.glitch.me/posts/fantasie-impromptu/index.html]
[my-piano-blog.glitch.me/posts/passacaglia/index.html]
[my-piano-blog.glitch.me/posts/ocean-etude/index.html]
[my-piano-blog.glitch.me/posts/butterfly-etude/index.html]
[my-piano-blog.glitch.me/posts/clair-de-lune/index.html]
[my-piano-blog.glitch.me/posts/of-forgein-lands-and-people/index.html]
[my-piano-blog.glitch.me/posts/future/index.html]
[my-piano-blog.glitch.me/posts.html]
[my-piano-blog.glitch.me/about.html]
[marketing-website-iryna.glitch.me/style.css]
[cdn.glitch.global/32c180bc-6721-4d71-9bd7-c61a1682f689/_ (12]
[marketing-website-iryna.glitch.me/index-2.html]
[cdn.glitch.global/32c180bc-6721-4d71-9bd7-c61a1682f689/Purple Thermal Gradient9c68.jpg]
[marketing-website-iryna.glitch.me/about-me.html]
[cdn.glitch.global/32c180bc-6721-4d71-9bd7-c61a1682f689/Aesthetic Gradient Wallpaper9be1.jpg]
[marketing-website-iryna.glitch.me/services.html]
[film-camera.glitch.me/public/style.css]
[film-camera.glitch.me/posts/course-01/index.html]
[cdn.glitch.global/5e0a386a-4c53-4a78-bcbf-cf91a5c0df98/20240926_21350915c40.jpg]
[film-camera.glitch.me/posts.html]
[film-camera.glitch.me/about.html]
[lada-lex-bookshelf-main.glitch.me/public/style.css]
[lada-lex-bookshelf-main.glitch.me/posts/first-post/index.html]
[lada-lex-bookshelf-main.glitch.me/posts.html]
[lada-lex-bookshelf-main.glitch.me/about.html]
[andriis-movie-blog.glitch.me/public/style.css]
[andriis-movie-blog.glitch.me/posts/Risky-Business/index.html]
[andriis-movie-blog.glitch.me/posts/idk/index.html]
[andriis-movie-blog.glitch.me/posts/penguin/index.html]
[andriis-movie-blog.glitch.me/posts.html]
[andriis-movie-blog.glitch.me/about.html]
[cdn.glitch.global/6a5cb3d3-3329-4988-aab3-60c6f602df1a/578285138492271989681a5.jpg]
[miasmatchablog.glitch.me/index-2.html]
[dingkang-test.glitch.me/index-2.html]
[goodvibezrunningcamp.glitch.me/posts/index.html]
[goodvibezrunningcamp.glitch.me/about/index.html]
[my-summer-diary.glitch.me/posts/index.html]
[my-summer-diary.glitch.me/about/index.html]
[crystal-low-albertosaurus.glitch.me/posts/index.html]
[crystal-low-albertosaurus.glitch.me/Test/index.html]
[crystal-low-albertosaurus.glitch.me/about/index.html]
[elizabeths-clothing.glitch.me/about/index.html]
[elizabeths-clothing.glitch.me/posts/index.html]
[accurate-rain-wannanosaurus.glitch.me/assets/svg/video-icon.svg]
[periodic-rigorous-selenium.glitch.me/posts/index.html]
[periodic-rigorous-selenium.glitch.me/about/index.html]
[aleksander-ojamets.glitch.me/posts/index.html]
[aleksander-ojamets.glitch.me/about/index.html]
[my-piano-blog.glitch.me/posts/index.html]
[my-piano-blog.glitch.me/about/index.html]
[marketing-website-iryna.glitch.me/background-placeholder.html]
[cdn.glitch.global/32c180bc-6721-4d71-9bd7-c61a1682f689/_ (11]
[marketing-website-iryna.glitch.me/about-bg.html]
[film-camera.glitch.me/posts/index.html]
[film-camera.glitch.me/about/index.html]
[andriis-movie-blog.glitch.me/posts/index.html]
[andriis-movie-blog.glitch.me/about/index.html]
