[backblue.gif]
[fade.gif]
[index.html]
[chimerical-muffin-e2987d.netlify.app/index.html]
[cdn.glitch.global/bac9dcde-742c-4ce6-ac96-f78fb441a288/IMG_91769657.jpg]
[lepisto-professional-portfolio.glitch.me/index.html]
[oapadu.github.io/portfolioassignment/index.html]
[portfolio-mattias.netlify.app/index.html]
[cdn.glitch.global/a208d94b-bff3-404f-a30b-c888b6be6f00/flat,750x,075,f-pad,750x1000,f8f8f8d59c.jpg]
[cdn.glitch.global/a208d94b-bff3-404f-a30b-c888b6be6f00/IMG_7262_4174c.jpg]
[anabels-portfolio2.glitch.me/index.html]
[vaiko-portfolio.glitch.me/index.html]
[chimerical-muffin-e2987d.netlify.app/assets/index-B1xxbajQ.js]
[chimerical-muffin-e2987d.netlify.app/index.html]
[chimerical-muffin-e2987d.netlify.app/assets/index-CUTYJRiN.css]
[cdn.glitch.global/628e884a-fa0f-4763-9a2e-93af27c2d3cf/IMG_65374398.jpg]
[cdn.glitch.global/628e884a-fa0f-4763-9a2e-93af27c2d3cf/fun-clock7956.png]
[cdn.glitch.global/628e884a-fa0f-4763-9a2e-93af27c2d3cf/writing-game3657.png]
[cdn.glitch.global/628e884a-fa0f-4763-9a2e-93af27c2d3cf/writing-game-win7070.png]
[cdn.glitch.global/628e884a-fa0f-4763-9a2e-93af27c2d3cf/garden-tic-tac-toeb6a8.png]
[cdn.glitch.global/628e884a-fa0f-4763-9a2e-93af27c2d3cf/cooking-blog315e.png]
[cdn.glitch.global/628e884a-fa0f-4763-9a2e-93af27c2d3cf/photo-1632586401991-05ac0829e0b8706f.avif]
[cdn.glitch.global/628e884a-fa0f-4763-9a2e-93af27c2d3cf/photo-1672625883713-191c52b27bac8e9c.avif]
[cdn.glitch.global/628e884a-fa0f-4763-9a2e-93af27c2d3cf/photo-1617220933047-4e2bd53af832af03.avif]
[cdn.glitch.global/628e884a-fa0f-4763-9a2e-93af27c2d3cf/photo-1658423594131-870bc585a9f2acc8.avif]
[cdn.glitch.global/628e884a-fa0f-4763-9a2e-93af27c2d3cf/photo-1597092430872-09a3f4338c600366.avif]
[cdn.glitch.global/628e884a-fa0f-4763-9a2e-93af27c2d3cf/pexels-photo-297381093110.webp]
[portfolio-try1.glitch.me/script.js]
[portfolio-try1.glitch.me/index.html]
[evelin-portfolio.glitch.me/index.html]
[angelina-portfolio-blog.glitch.me/index.html]
[cdn.glitch.global/442c1bd0-392f-45fd-9cb5-aee6c97e07c3/IMG_540864df.jpg]
[blue-portfolio.glitch.me/index.html]
[ralf-portfolio.glitch.me/index.html]
[kerli-portfolio.glitch.me/index.html]
[www.tlu.ee/_nkdsnake/webdesignproject/main.html]
[cdn.glitch.global/6db2c501-8d41-477b-a515-0f92769fdb34/d9e44aa3dce2b85c7d1dfdd939f6220cba86.jpg]
[cdn.glitch.global/6db2c501-8d41-477b-a515-0f92769fdb34/453481918_1011088076903767_4661917096641952834_n7ee3.jpg]
[cdn.glitch.global/6db2c501-8d41-477b-a515-0f92769fdb34/2fkorkgdesffcc9b.png]
[cdn.glitch.global/6db2c501-8d41-477b-a515-0f92769fdb34/4lynvritjg127d.png]
[cdn.glitch.global/6db2c501-8d41-477b-a515-0f92769fdb34/111sldra701.png]
[cdn.glitch.global/6db2c501-8d41-477b-a515-0f92769fdb34/backagaimef3f.png]
[cdn.glitch.global/6db2c501-8d41-477b-a515-0f92769fdb34/notsailorcf3a.png]
[cdn.glitch.global/6db2c501-8d41-477b-a515-0f92769fdb34/batterupedited82f1.png]
[modular-portfolio.glitch.me/index.html]
[photo-portfolio-graphy.glitch.me/index.html]
[cdn.glitch.global/c63bc7ad-efdd-4ddf-8996-b85980726b89/picture2521a.jpg]
[cdn.glitch.global/c63bc7ad-efdd-4ddf-8996-b85980726b89/picture428de.jpg]
[cdn.glitch.global/c63bc7ad-efdd-4ddf-8996-b85980726b89/Instagram4fa0.jpg]
[cdn.glitch.global/c63bc7ad-efdd-4ddf-8996-b85980726b89/bd93f465-e10b-4ccd-b628-99c0fa048d48d9e3.jpg]
[cdn.glitch.global/c63bc7ad-efdd-4ddf-8996-b85980726b89/ccd1c0c3-494e-4791-90a0-0a56aea82699aea9.jpg]
[cdn.glitch.global/c63bc7ad-efdd-4ddf-8996-b85980726b89/2afbd329-23bf-4010-8c44-5155868bf6373efc.jpg]
[cdn.glitch.global/c63bc7ad-efdd-4ddf-8996-b85980726b89/Top Graphic Design Trends 2018_ The Ultimate Guide33ef.jpg]
[cdn.glitch.global/c63bc7ad-efdd-4ddf-8996-b85980726b89/b91cdbde-8470-435f-b6dc-dac259a600e5ee0c.jpg]
[portfolio-lm.glitch.me/index.html]
[cdn.glitch.global/1259e6b5-534b-4a63-9877-0c321c4b58b8/mcblog2a6b6.png]
[cdn.glitch.global/1259e6b5-534b-4a63-9877-0c321c4b58b8/mcblogdf17.png]
[cdn.glitch.global/1259e6b5-534b-4a63-9877-0c321c4b58b8/Typer_INGAME0c0d.png]
[cdn.glitch.global/1259e6b5-534b-4a63-9877-0c321c4b58b8/Typer_WPMe6c1.png]
[cdn.glitch.global/1259e6b5-534b-4a63-9877-0c321c4b58b8/Typer_scoreboard52b3.png]
[cdn.glitch.global/1259e6b5-534b-4a63-9877-0c321c4b58b8/Typer_START50a9.png]
[cdn.glitch.global/1259e6b5-534b-4a63-9877-0c321c4b58b8/clock68d3.png]
[cdn.glitch.global/1259e6b5-534b-4a63-9877-0c321c4b58b8/clock390b5.png]
[cdn.glitch.global/1259e6b5-534b-4a63-9877-0c321c4b58b8/clock52d0d.png]
[cdn.glitch.global/1259e6b5-534b-4a63-9877-0c321c4b58b8/calkc40b07.png]
[cdn.glitch.global/1259e6b5-534b-4a63-9877-0c321c4b58b8/calc55cc5.png]
[cdn.glitch.global/1259e6b5-534b-4a63-9877-0c321c4b58b8/2f6ec.png]
[cooly-portfolio.glitch.me/index.html]
[cdn.glitch.global/d7484ac0-392b-4e35-89a1-935228eff683/Slide 16_9 - 1e17b.png]
[cdn.glitch.global/0eb66711-11dd-4f9d-a96a-1db64d484a31/76d1a13f9a643ddc4230d8ae229d90834a4f.gif]
[japanese-learning-guide.glitch.me/index.html]
[oapadu.github.io/portfolioassignment/style.css]
[oapadu.github.io/portfolioassignment/index-2.html]
[oapadu.github.io/portfolioassignment/about.html]
[oapadu.github.io/portfolioassignment/gallery1.html]
[oapadu.github.io/portfolioassignment/gallery2.html]
[oapadu.github.io/portfolioassignment/gallery3.html]
[oapadu.github.io/portfolioassignment/index.html]
[cdn.glitch.global/404f0621-2952-4c7f-aa34-bbb7114dcbe3/candlebox2459.png]
[cdn.glitch.global/404f0621-2952-4c7f-aa34-bbb7114dcbe3/syringec7e5.png]
[cdn.glitch.global/404f0621-2952-4c7f-aa34-bbb7114dcbe3/aug6632.png]
[cdn.glitch.global/404f0621-2952-4c7f-aa34-bbb7114dcbe3/mullahunnik3b1b.png]
[cdn.glitch.global/404f0621-2952-4c7f-aa34-bbb7114dcbe3/Slimewithorbsplayer777b.gif]
[dylans-pixel-art-portfolio.glitch.me/index.html]
[portfolio-mattias.netlify.app/assets/css/main.css]
[portfolio-mattias.netlify.app/assets/js/main.bundle.js]
[portfolio-mattias.netlify.app/assets/img/4dHj88xH8o-25.jpg]
[portfolio-mattias.netlify.app/about/index.html]
[portfolio-mattias.netlify.app/projects/index.html]
[portfolio-mattias.netlify.app/index.html]
[portfolio-mattias.netlify.app/contact/index.html]
[lepisto-professional-portfolio.glitch.me/public/style.css]
[portfolio-mattias.netlify.app/projects/device-control-system-with-configurable-user-interfaces/index.html]
[portfolio-mattias.netlify.app/projects/simple-typeracer-type-application/index.html]
[portfolio-mattias.netlify.app/project-tags/post assignment university project/index.html]
[portfolio-mattias.netlify.app/projects/simple-digital-clock-web-application/index.html]
[portfolio-mattias.netlify.app/project-tags/post project assignment university/index.html]
[cdn.glitch.global/bac9dcde-742c-4ce6-ac96-f78fb441a288/IMG_9177780b.jpg]
[portfolio-mattias.netlify.app/project-tags/post project university assignment/index.html]
[lepisto-professional-portfolio.glitch.me/posts/first-post/index.html]
[portfolio-mattias.netlify.app/projects/simple-to-do-list-application/index.html]
[lepisto-professional-portfolio.glitch.me/posts/second-post/index.html]
[cdn.glitch.global/bac9dcde-742c-4ce6-ac96-f78fb441a288/IMG_91789a5b.jpg]
[lepisto-professional-portfolio.glitch.me/posts/third-post/index.html]
[cdn.glitch.global/bac9dcde-742c-4ce6-ac96-f78fb441a288/IMG_917938dc.jpg]
[lepisto-professional-portfolio.glitch.me/posts.html]
[lepisto-professional-portfolio.glitch.me/about.html]
[cdn.glitch.global/bac9dcde-742c-4ce6-ac96-f78fb441a288/IMG_917513d1.jpg]
[anabels-portfolio2.glitch.me/public/style.css]
[anabels-portfolio2.glitch.me/posts.html]
[anabels-portfolio2.glitch.me/about.html]
[cdn.glitch.global/a208d94b-bff3-404f-a30b-c888b6be6f00/IMG_9790_2ab3f.jpg]
[anabels-portfolio2.glitch.me/posts/index.html]
[anabels-portfolio2.glitch.me/about/index.html]
[anabels-portfolio2.glitch.me/posts/Podcasts/index.html]
[anabels-portfolio2.glitch.me/posts/Aftermovies/index.html]
[anabels-portfolio2.glitch.me/posts/Work vibes/index.html]
[anabels-portfolio2.glitch.me/posts/Broadcasts/index.html]
[cdn.glitch.global/7d6d361a-6c0e-4e78-b4b0-acbc68faf74e/Minasans-KVaBXa794.otf]
[vaiko-portfolio.glitch.me/public/style.css]
[vaiko-portfolio.glitch.me/posts.html]
[vaiko-portfolio.glitch.me/about.html]
[cdn.glitch.global/4f100910-abfc-46e7-9e42-4e5cf2fcc67c/image_2025-05-17_191838261e37b.png]
[cdn.glitch.global/4f100910-abfc-46e7-9e42-4e5cf2fcc67c/ksgde64.png]
[cdn.glitch.global/4f100910-abfc-46e7-9e42-4e5cf2fcc67c/image_2025-05-17_192129206cec1.png]
[cdn.glitch.global/4f100910-abfc-46e7-9e42-4e5cf2fcc67c/image_2025-05-17_1925523850cf7.png]
[cdn.glitch.global/4f100910-abfc-46e7-9e42-4e5cf2fcc67c/image_2025-05-17_192706415acd2.png]
[cdn.glitch.global/4f100910-abfc-46e7-9e42-4e5cf2fcc67c/image_2025-05-17_1930261743f43.png]
[vaiko-portfolio.glitch.me/posts/001/index.html]
[vaiko-portfolio.glitch.me/posts/002/index.html]
[vaiko-portfolio.glitch.me/posts/003/index.html]
[chimerical-muffin-e2987d.netlify.app/favicon.svg]
[chimerical-muffin-e2987d.netlify.app/assets/index-CUTYJRiN.css]
[portfolio-try1.glitch.me/style.css]
[evelin-portfolio.glitch.me/public/style.css]
[evelin-portfolio.glitch.me/posts.html]
[evelin-portfolio.glitch.me/about.html]
[evelin-portfolio.glitch.me/contact.html]
[cdn.glitch.global/b9d08a1b-bb14-4b6c-87ff-092f45eb69b0/16e2f637-cc9a-4aa8-9098-a1f0d1bdc216.imagec3ac.png]
[cdn.glitch.global/b9d08a1b-bb14-4b6c-87ff-092f45eb69b0/bdaac1e9-14f7-40d3-aaf8-f67f39e4ba94.image220d.png]
[cdn.glitch.global/b9d08a1b-bb14-4b6c-87ff-092f45eb69b0/fc0357f1-2912-42ed-9ccf-a59e4dd199c7.image3634.png]
[evelin-portfolio.glitch.me/posts/Fotomore-website/index.html]
[evelin-portfolio.glitch.me/posts/wildlife-wanderer/index.html]
[cdn.glitch.global/b9d08a1b-bb14-4b6c-87ff-092f45eb69b0/e446de17-4656-4253-a601-859ad43cee65.image0faf.png]
[evelin-portfolio.glitch.me/posts/the-purrfect-blog/index.html]
[cdn.glitch.global/b9d08a1b-bb14-4b6c-87ff-092f45eb69b0/3705c06d-8e51-40e8-a71a-7a95230456bb.image2c4a.png]
[evelin-portfolio.glitch.me/posts/3D-game/index.html]
[cdn.glitch.global/b9d08a1b-bb14-4b6c-87ff-092f45eb69b0/03d7853f-c094-46a8-b1df-bf86c69bd196.image70fe.png]
[cdn.glitch.global/b9d08a1b-bb14-4b6c-87ff-092f45eb69b0/7956f3ee-a839-4287-8200-ad738c1fc209.image8515.png]
[cdn.glitch.global/b9d08a1b-bb14-4b6c-87ff-092f45eb69b0/dec6bf27-6a1a-4e0b-b376-f252194ec772.imagea92c.png]
[evelin-portfolio.glitch.me/posts/my-interest-post/index.html]
[angelina-portfolio-blog.glitch.me/public/style.css]
[cdn.glitch.global/bb3fc7f0-1b51-4b26-9c81-d3270bf5e30a/1000002372df39.png]
[cdn.glitch.global/bb3fc7f0-1b51-4b26-9c81-d3270bf5e30a/second_icon92ce.png]
[cdn.glitch.global/bb3fc7f0-1b51-4b26-9c81-d3270bf5e30a/1000002377df30.mp4]
[angelina-portfolio-blog.glitch.me/posts/digital-drawings/index.html]
[angelina-portfolio-blog.glitch.me/posts/video-creating/index.html]
[cdn.glitch.global/bb3fc7f0-1b51-4b26-9c81-d3270bf5e30a/orav-3_orig4ee9.jpg]
[cdn.glitch.global/bb3fc7f0-1b51-4b26-9c81-d3270bf5e30a/7002.cat5daa.jpg]
[cdn.glitch.global/bb3fc7f0-1b51-4b26-9c81-d3270bf5e30a/fileeY7vib9317.jpg]
[cdn.glitch.global/bb3fc7f0-1b51-4b26-9c81-d3270bf5e30a/Basketball4009f27.png]
[cdn.glitch.global/bb3fc7f0-1b51-4b26-9c81-d3270bf5e30a/banner5625.png]
[angelina-portfolio-blog.glitch.me/posts/photo-creating/index.html]
[angelina-portfolio-blog.glitch.me/posts.html]
[angelina-portfolio-blog.glitch.me/about.html]
[blue-portfolio.glitch.me/public/style.css]
[blue-portfolio.glitch.me/posts.html]
[blue-portfolio.glitch.me/about.html]
[ralf-portfolio.glitch.me/public/style.css]
[ralf-portfolio.glitch.me/posts.html]
[ralf-portfolio.glitch.me/about.html]
[ralf-portfolio.glitch.me/posts/website/index.html]
[cdn.glitch.global/f8bf0a17-bcb8-4811-9238-3e33c3770d8a/Admini vaade8e31.jpg]
[cdn.glitch.global/f8bf0a17-bcb8-4811-9238-3e33c3770d8a/Mudelsõdurid2705.jpg]
[cdn.glitch.global/f8bf0a17-bcb8-4811-9238-3e33c3770d8a/Mudeltankdad6.jpg]
[cdn.glitch.global/f8bf0a17-bcb8-4811-9238-3e33c3770d8a/Mudelsõdurid2ea29.jpg]
[ralf-portfolio.glitch.me/posts/painting/index.html]
[ralf-portfolio.glitch.me/posts/blog/index.html]
[kerli-portfolio.glitch.me/public/style.css]
[kerli-portfolio.glitch.me/posts/1-Projects/index.html]
[cdn.glitch.global/9f3af786-282c-4c10-b4c4-6f5f732f660d/Screenshot 2025-06-19 2320483c48.png]
[kerli-portfolio.glitch.me/posts/2-Education/index.html]
[kerli-portfolio.glitch.me/posts/3-Fun facts/index.html]
[cdn.glitch.global/9f3af786-282c-4c10-b4c4-6f5f732f660d/Screenshot 2025-06-27 0007557685.png]
[kerli-portfolio.glitch.me/posts.html]
[kerli-portfolio.glitch.me/about.html]
[www.tlu.ee/_nkdsnake/webdesignproject/scss/style.css]
[www.tlu.ee/_nkdsnake/webdesignproject/database.txt]
[www.tlu.ee/_nkdsnake/webdesignproject/script.js]
[www.tlu.ee/_nkdsnake/webdesignproject/digital.html]
[www.tlu.ee/_nkdsnake/webdesignproject/traditional.html]
[www.tlu.ee/_nkdsnake/webdesignproject/drawings/gale.png]
[www.tlu.ee/_nkdsnake/webdesignproject/aboutme.html]
[www.tlu.ee/_nkdsnake/webdesignproject/adddrawing.html]
[cdn.glitch.global/412e2dce-a01b-43e7-8b91-3492c87469b5/natureWall225c.webp]
[photo-portfolio-graphy.glitch.me/public/style.css]
[cdn.glitch.global/412e2dce-a01b-43e7-8b91-3492c87469b5/car1a383.webp]
[cdn.glitch.global/412e2dce-a01b-43e7-8b91-3492c87469b5/car2e5f7.webp]
[cdn.glitch.global/412e2dce-a01b-43e7-8b91-3492c87469b5/car34c23.webp]
[cdn.glitch.global/412e2dce-a01b-43e7-8b91-3492c87469b5/car4001e.webp]
[cdn.glitch.global/412e2dce-a01b-43e7-8b91-3492c87469b5/car5d192.webp]
[cdn.glitch.global/412e2dce-a01b-43e7-8b91-3492c87469b5/car6716c.webp]
[cdn.glitch.global/412e2dce-a01b-43e7-8b91-3492c87469b5/car7d17b.webp]
[cdn.glitch.global/412e2dce-a01b-43e7-8b91-3492c87469b5/car8f79a.webp]
[photo-portfolio-graphy.glitch.me/posts/cars/index.html]
[cdn.glitch.global/412e2dce-a01b-43e7-8b91-3492c87469b5/nature14046.webp]
[cdn.glitch.global/412e2dce-a01b-43e7-8b91-3492c87469b5/nature243fe.webp]
[cdn.glitch.global/412e2dce-a01b-43e7-8b91-3492c87469b5/nature33f98.webp]
[cdn.glitch.global/412e2dce-a01b-43e7-8b91-3492c87469b5/nature4f8c7.webp]
[cdn.glitch.global/412e2dce-a01b-43e7-8b91-3492c87469b5/nature55b98.webp]
[cdn.glitch.global/412e2dce-a01b-43e7-8b91-3492c87469b5/nature64046.webp]
[cdn.glitch.global/412e2dce-a01b-43e7-8b91-3492c87469b5/nature75b98.webp]
[cdn.glitch.global/412e2dce-a01b-43e7-8b91-3492c87469b5/nature85b98.webp]
[photo-portfolio-graphy.glitch.me/posts/nature/index.html]
[photo-portfolio-graphy.glitch.me/posts.html]
[cdn.glitch.global/412e2dce-a01b-43e7-8b91-3492c87469b5/20250502_1557454170.jpg]
[photo-portfolio-graphy.glitch.me/about.html]
[cooly-portfolio.glitch.me/public/style.css]
[cooly-portfolio.glitch.me/about.html]
[cdn.glitch.global/1259e6b5-534b-4a63-9877-0c321c4b58b8/spdgif7691.gif]
[cdn.glitch.global/d7484ac0-392b-4e35-89a1-935228eff683/Poppins-Medium6bec.ttf]
[cdn.glitch.global/d7484ac0-392b-4e35-89a1-935228eff683/Poppins-MediumItalic9cdb.ttf]
[cdn.glitch.global/d7484ac0-392b-4e35-89a1-935228eff683/Poppins-ThinItaliccba7.ttf]
[cdn.glitch.global/d7484ac0-392b-4e35-89a1-935228eff683/Poppins-Thin4193.ttf]
[cdn.glitch.global/d7484ac0-392b-4e35-89a1-935228eff683/Poppins-BoldItalic73ee.ttf]
[cdn.glitch.global/d7484ac0-392b-4e35-89a1-935228eff683/Poppins-Bold4494.ttf]
[cdn.glitch.global/d7484ac0-392b-4e35-89a1-935228eff683/Poppins-BlackItalic236d.ttf]
[cdn.glitch.global/d7484ac0-392b-4e35-89a1-935228eff683/Poppins-Blackf56b.ttf]
[cdn.glitch.global/0eb66711-11dd-4f9d-a96a-1db64d484a31/Untitled-246b5.jpg]
[japanese-learning-guide.glitch.me/public/style.css]
[cdn.glitch.global/0eb66711-11dd-4f9d-a96a-1db64d484a31/ezgif-5d5c58b6c4697b1da7a.gif]
[japanese-learning-guide.glitch.me/posts/course-01.html]
[japanese-learning-guide.glitch.me/posts/course-02.html]
[cdn.glitch.global/0eb66711-11dd-4f9d-a96a-1db64d484a31/ezgif-753fb60deed77b64bd.gif]
[japanese-learning-guide.glitch.me/posts/course-03.html]
[cdn.glitch.global/0eb66711-11dd-4f9d-a96a-1db64d484a31/ezgif-595f9d92750f6fee87.gif]
[oapadu.github.io/portfolioassignment/style.css]
[oapadu.github.io/portfolioassignment/index-2.html]
[oapadu.github.io/portfolioassignment/about.html]
[oapadu.github.io/portfolioassignment/gallery1.html]
[oapadu.github.io/portfolioassignment/gallery2.html]
[oapadu.github.io/portfolioassignment/gallery3.html]
[dylans-pixel-art-portfolio.glitch.me/public/style.css]
[dylans-pixel-art-portfolio.glitch.me/about.html]
[portfolio-mattias.netlify.app/assets/css/main.css]
[portfolio-mattias.netlify.app/about/index.html]
[portfolio-mattias.netlify.app/projects/index.html]
[portfolio-mattias.netlify.app/contact/index.html]
[portfolio-mattias.netlify.app/assets/img/uJTENSpLRo-250.jpg]
[portfolio-mattias.netlify.app/assets/img/RKJf_lb6gc-250.jpg]
[portfolio-mattias.netlify.app/assets/img/WYXcdv1VuH-250.jpg]
[portfolio-mattias.netlify.app/projects/device-control-system-with-configurable-user-interfaces/index.html]
[portfolio-mattias.netlify.app/project-tags/in-development project group-project React PHP University post/index.html]
[portfolio-mattias.netlify.app/project-tags/in-development project group-project react php university post/index-2.html]
[portfolio-mattias.netlify.app/assets/img/pKujvZJ6iP-250.jpg]
[portfolio-mattias.netlify.app/projects/simple-typeracer-type-application/index.html]
[portfolio-mattias.netlify.app/project-tags/post assignment university project/index.html]
[portfolio-mattias.netlify.app/assets/img/1vd2lcnMkr-250.jpg]
[portfolio-mattias.netlify.app/projects/simple-digital-clock-web-application/index.html]
[portfolio-mattias.netlify.app/project-tags/post project assignment university/index.html]
[portfolio-mattias.netlify.app/assets/img/uihgVMr4XB-250.jpg]
[portfolio-mattias.netlify.app/projects/simple-to-do-list-application/index.html]
[portfolio-mattias.netlify.app/project-tags/post project university assignment/index.html]
[lepisto-professional-portfolio.glitch.me/posts/index.html]
[lepisto-professional-portfolio.glitch.me/about/index.html]
[vaiko-portfolio.glitch.me/posts/index.html]
[vaiko-portfolio.glitch.me/about/index.html]
[evelin-portfolio.glitch.me/posts/index.html]
[evelin-portfolio.glitch.me/about/index.html]
[evelin-portfolio.glitch.me/contact/index.html]
[angelina-portfolio-blog.glitch.me/posts/index.html]
[angelina-portfolio-blog.glitch.me/about/index.html]
[blue-portfolio.glitch.me/posts/index.html]
[cdn.glitch.global/442c1bd0-392f-45fd-9cb5-aee6c97e07c3/screenshot-clock29fd5.png]
[cdn.glitch.global/442c1bd0-392f-45fd-9cb5-aee6c97e07c3/Screenshot 2025-05-26 1741341bda.png]
[cdn.glitch.global/442c1bd0-392f-45fd-9cb5-aee6c97e07c3/Screenshot 2025-05-26 1741052d66.png]
[cdn.glitch.global/442c1bd0-392f-45fd-9cb5-aee6c97e07c3/Screenshot 2025-05-27 1035294cfe.png]
[cdn.glitch.global/442c1bd0-392f-45fd-9cb5-aee6c97e07c3/Screenshot 2025-05-27 10362099f8.png]
[blue-portfolio.glitch.me/posts/projects/index.html]
[cdn.glitch.global/442c1bd0-392f-45fd-9cb5-aee6c97e07c3/IMG_945421e2.jpg]
[cdn.glitch.global/442c1bd0-392f-45fd-9cb5-aee6c97e07c3/IMG_3927f3a2.jpg]
[blue-portfolio.glitch.me/posts/education/index.html]
[blue-portfolio.glitch.me/posts/fun-facts/index.html]
[cdn.glitch.global/442c1bd0-392f-45fd-9cb5-aee6c97e07c3/P1020114d1ed.jpg]
[blue-portfolio.glitch.me/about/index.html]
[ralf-portfolio.glitch.me/posts/index.html]
[ralf-portfolio.glitch.me/about/index.html]
[kerli-portfolio.glitch.me/posts/index.html]
[kerli-portfolio.glitch.me/about/index.html]
[www.tlu.ee/_nkdsnake/webdesignproject/drawings/anatomytraining1.16a.delayed]
[www.tlu.ee/_nkdsnake/webdesignproject/drawings/chopper.png]
[www.tlu.ee/_nkdsnake/webdesignproject/drawings/godotbakamitai.png]
[www.tlu.ee/_nkdsnake/webdesignproject/drawings/hanzo.png]
[www.tlu.ee/_nkdsnake/webdesignproject/drawings/harriei.png]
[www.tlu.ee/_nkdsnake/webdesignproject/drawings/jojo.png]
[www.tlu.ee/_nkdsnake/webdesignproject/drawings/majima2.png]
[www.tlu.ee/_nkdsnake/webdesignproject/drawings/rtjuyjut.png]
[www.tlu.ee/_nkdsnake/webdesignproject/drawings/sanji.png]
[www.tlu.ee/_nkdsnake/webdesignproject/drawings/sanji2.png]
[www.tlu.ee/_nkdsnake/webdesignproject/drawings/therock.png]
[www.tlu.ee/_nkdsnake/webdesignproject/drawings/index.html]
[www.tlu.ee/_nkdsnake/webdesignproject/fulldrawing958e.html]
[www.tlu.ee/_nkdsnake/webdesignproject/pinterest.html]
[photo-portfolio-graphy.glitch.me/posts/index.html]
[photo-portfolio-graphy.glitch.me/about/index.html]
[japanese-learning-guide.glitch.me/posts/course-01/index.html]
[japanese-learning-guide.glitch.me/about.html]
[japanese-learning-guide.glitch.me/posts/course-02/index.html]
[japanese-learning-guide.glitch.me/posts/course-03/index.html]
[cdn.glitch.global/0eb66711-11dd-4f9d-a96a-1db64d484a31/ZJV_0171_SRGB4b2d.jpg]
[cdn.glitch.global/0eb66711-11dd-4f9d-a96a-1db64d484a31/egg6cea.gif]
[cdn.glitch.global/0eb66711-11dd-4f9d-a96a-1db64d484a31/IMG_295824c7.jpg]
[cdn.glitch.global/0eb66711-11dd-4f9d-a96a-1db64d484a31/kablaaaaat-mudb68b.gif]
[cdn.glitch.global/0eb66711-11dd-4f9d-a96a-1db64d484a31/shun-akiyama-yakuzaca07.gif]
[cdn.glitch.global/0eb66711-11dd-4f9d-a96a-1db64d484a31/cat-crunch6f2d.gif]
[cdn.glitch.global/0eb66711-11dd-4f9d-a96a-1db64d484a31/cat-patatasbe9a.gif]
[cdn.glitch.global/0eb66711-11dd-4f9d-a96a-1db64d484a31/washed-cat4bb3.gif]
[cdn.glitch.global/0eb66711-11dd-4f9d-a96a-1db64d484a31/pasted image 016e8.png]
[cdn.glitch.global/0eb66711-11dd-4f9d-a96a-1db64d484a31/minecraft-minecraft-dungeons8f49.gif]
[cdn.glitch.global/0eb66711-11dd-4f9d-a96a-1db64d484a31/one-piece-luffy-sparkling-eyes-one-piece8387.gif]
[japanese-learning-guide.glitch.me/posts/course-04/index.html]
[dylans-pixel-art-portfolio.glitch.me/about/index.html]
[portfolio-mattias.netlify.app/project-tags/in-development project group-project react php university post/index-2.html]
[www.tlu.ee/_nkdsnake/webdesignproject/drawings/indexc052.html]
[www.tlu.ee/_nkdsnake/webdesignproject/drawings/indexf8a0.html]
[www.tlu.ee/_nkdsnake/webdesignproject/drawings/indexbfec.html]
[www.tlu.ee/_nkdsnake/webdesignproject/drawings/index30b5.html]
[www.tlu.ee/_nkdsnake/webdesignproject/desc.txt]
[www.tlu.ee/_nkdsnake/webdesignproject/getFiles.php]
[www.tlu.ee/_nkdsnake/webdesignproject/package-lock.json]
[www.tlu.ee/_nkdsnake/webdesignproject/package.json]
[www.tlu.ee/_nkdsnake/webdesignproject/uploadDrawing.php]
[www.tlu.ee/_nkdsnake/webdesignproject/index.html]
[japanese-learning-guide.glitch.me/about/index.html]
[www.tlu.ee/_nkdsnake/webdesignproject/drawings/indexb70a.html]
[www.tlu.ee/_nkdsnake/webdesignproject/drawings/index72c9.html]
[www.tlu.ee/_nkdsnake/webdesignproject/drawings/index5851.html]
[www.tlu.ee/_nkdsnake/webdesignproject/drawings/indexad3f.html]
[www.tlu.ee/_nkdsnake/webdesignproject/indexc052.html]
[www.tlu.ee/_nkdsnake/webdesignproject/indexf8a0.html]
[www.tlu.ee/_nkdsnake/webdesignproject/indexbfec.html]
[www.tlu.ee/_nkdsnake/webdesignproject/index30b5.html]
[www.tlu.ee/_nkdsnake/webdesignproject/addscript.js]
[www.tlu.ee/_nkdsnake/webdesignproject/fulldrawing.html]
[www.tlu.ee/_nkdsnake/webdesignproject/node_modules/index.html]
[www.tlu.ee/_nkdsnake/webdesignproject/scss/style.scss]
[www.tlu.ee/_nkdsnake/webdesignproject/scss/index.html]
[www.tlu.ee/_nkdsnake/webdesignproject/sql.js]
[www.tlu.ee/_nkdsnake/webdesignproject/indexb70a.html]
[www.tlu.ee/_nkdsnake/webdesignproject/index72c9.html]
[www.tlu.ee/_nkdsnake/webdesignproject/index5851.html]
[www.tlu.ee/_nkdsnake/webdesignproject/indexad3f.html]
[www.tlu.ee/_nkdsnake/webdesignproject/node_modules/indexc052.html]
[www.tlu.ee/_nkdsnake/webdesignproject/node_modules/indexf8a0.html]
[www.tlu.ee/_nkdsnake/webdesignproject/node_modules/indexbfec.html]
[www.tlu.ee/_nkdsnake/webdesignproject/node_modules/index30b5.html]
[www.tlu.ee/_nkdsnake/webdesignproject/node_modules/@parcel/index.html]
[www.tlu.ee/_nkdsnake/webdesignproject/node_modules/braces/index.html]
[www.tlu.ee/_nkdsnake/webdesignproject/node_modules/chokidar/index.html]
[www.tlu.ee/_nkdsnake/webdesignproject/node_modules/detect-libc/index.html]
[www.tlu.ee/_nkdsnake/webdesignproject/node_modules/fill-range/index.html]
[www.tlu.ee/_nkdsnake/webdesignproject/node_modules/immutable/index.html]
[www.tlu.ee/_nkdsnake/webdesignproject/node_modules/is-extglob/index.html]
[www.tlu.ee/_nkdsnake/webdesignproject/node_modules/is-glob/index.html]
[www.tlu.ee/_nkdsnake/webdesignproject/node_modules/is-number/index.html]
[www.tlu.ee/_nkdsnake/webdesignproject/node_modules/micromatch/index.html]
[www.tlu.ee/_nkdsnake/webdesignproject/node_modules/node-addon-api/index.html]
[www.tlu.ee/_nkdsnake/webdesignproject/node_modules/picomatch/index.html]
[www.tlu.ee/_nkdsnake/webdesignproject/node_modules/readdirp/index.html]
[www.tlu.ee/_nkdsnake/webdesignproject/node_modules/sass/index.html]
[www.tlu.ee/_nkdsnake/webdesignproject/node_modules/source-map-js/index.html]
[www.tlu.ee/_nkdsnake/webdesignproject/node_modules/to-regex-range/index.html]
[www.tlu.ee/_nkdsnake/webdesignproject/scss/indexc052.html]
[www.tlu.ee/_nkdsnake/webdesignproject/scss/indexf8a0.html]
[www.tlu.ee/_nkdsnake/webdesignproject/scss/indexbfec.html]
[www.tlu.ee/_nkdsnake/webdesignproject/scss/index30b5.html]
[www.tlu.ee/_nkdsnake/webdesignproject/scss/style.css.html]
