[backblue.gif]
[fade.gif]
[index.html]
[cdn.glitch.global/6436e55b-dd97-432a-8d34-e2556b98b476/il_fullxfull.4644988646_hiao1cae.webp]
[julia-travel.glitch.me/index.html]
[gaming-blog.glitch.me/index.html]
[cdn.glitch.global/d48a3f14-125b-4e6c-90a8-797f2f468ce8/Gamer6f9d.webp]
[cdn.glitch.global/10904e01-9440-4763-b38a-19013a3b5181/favicon-wdmc349.png]
[disc-golf-themed-blog.glitch.me/index.html]
[cdn.glitch.global/7d6d361a-6c0e-4e78-b4b0-acbc68faf74e/istockphoto-1431567498-612x6128b2c.jpg]
[vaiko-loves-music.glitch.me/js/suggestions.js]
[vaiko-loves-music.glitch.me/index.html]
[cdn.glitch.global/77b28da4-b9f2-4c77-9127-c6408886faeb/collection640a.png]
[cdn.glitch.global/77b28da4-b9f2-4c77-9127-c6408886faeb/cover_photo24c5.jpg]
[handicraft-gallery.glitch.me/public/runaway.js]
[handicraft-gallery.glitch.me/index.html]
[cdn.glitch.global/793edbf4-0336-464d-9905-8ad9fa6d5577/XVIII_tantsupidu_(2)_(1)3f7d.jpg]
[estonian-folk-dance.glitch.me/index.html]
[cooking-baking-and-more.glitch.me/script.js]
[cdn.glitch.global/c0b739b6-23ba-41e6-a719-f31704f44d6d/IMG_38260870.jpg]
[cdn.glitch.global/c0b739b6-23ba-41e6-a719-f31704f44d6d/IMG_3666f96f.jpg]
[cdn.glitch.global/c0b739b6-23ba-41e6-a719-f31704f44d6d/IMG_38605e27.jpg]
[cdn.glitch.global/c0b739b6-23ba-41e6-a719-f31704f44d6d/IMG_38507c56.jpg]
[cdn.glitch.global/c0b739b6-23ba-41e6-a719-f31704f44d6d/IMG_45686c71.jpg]
[cdn.glitch.global/c0b739b6-23ba-41e6-a719-f31704f44d6d/IMG_45058489.jpg]
[cdn.glitch.global/c0b739b6-23ba-41e6-a719-f31704f44d6d/IMG_377485ff.jpg]
[cdn.glitch.global/c0b739b6-23ba-41e6-a719-f31704f44d6d/IMG_41617d59.jpg]
[cdn.glitch.global/c0b739b6-23ba-41e6-a719-f31704f44d6d/IMG_42714b57.jpg]
[cooking-baking-and-more.glitch.me/index.html]
[cdn.glitch.global/0eb66711-11dd-4f9d-a96a-1db64d484a31/Untitled-246b5.jpg]
[japanese-onomatopoeia.glitch.me/index.html]
[tournament-archive.glitch.me/index.html]
[cdn.glitch.global/0ddae4f8-7a63-40d6-8746-2ceb454659fc/poe0fd0.png]
[cdn.glitch.global/0ddae4f8-7a63-40d6-8746-2ceb454659fc/TerrariaLogoc528.webp]
[cdn.glitch.global/0ddae4f8-7a63-40d6-8746-2ceb454659fc/factorio-logo-1300xfdae.webp]
[tvv-games.glitch.me/index.html]
[cdn.glitch.global/14959078-4e0e-4099-8757-deaeea5ff26f/freepik__the-style-is-candid-image-photography-with-natural__98277df9a.jpg]
[femalegamers.glitch.me/index.html]
[dylan-and-animals.glitch.me/index.html]
[zealous-elderly-hide.glitch.me/index.html]
[cdn.glitch.global/973177ac-c364-4d3d-a30c-9fc5255902e7/917498e22694a86bca3868862595f11054a9.jpg]
[cdn.glitch.global/973177ac-c364-4d3d-a30c-9fc5255902e7/test1x12821.png]
[design-testblog.glitch.me/index.html]
[purrfect-blog.glitch.me/index.html]
[cdn.glitch.global/72269cee-1b74-40ea-8dc7-7b425d754367/minecraftbanner07d9.jpg]
[cdn.glitch.global/72269cee-1b74-40ea-8dc7-7b425d754367/frog3391.gif]
[cdn.glitch.global/72269cee-1b74-40ea-8dc7-7b425d754367/cat2b261.png]
[my-mc-blog.glitch.me/index.html]
[tournament-blog.glitch.me/index.html]
[cdn.glitch.global/9ca0c5df-20a8-4e95-88a0-ea96aa232107/artist-brushes-paint-art-painting_488220-317906a5b.avif]
[my-hobby-blog.glitch.me/index.html]
[cdn.glitch.global/34c1a546-ce0b-4945-9c09-fc613747c18e/duck5f22.jpg]
[kats-sports-blog.glitch.me/index.html]
[hobby-garden-site.glitch.me/index.html]
[beatmaking-blog.glitch.me/index.html]
[czech-learning-page.glitch.me/index.html]
[cdn.glitch.global/4612d76b-7d7b-471f-9a0b-f9d1e5e3a7e4/481252685_1131678162028414_2396120002363793962_n4c99.png]
[cdn.glitch.global/4612d76b-7d7b-471f-9a0b-f9d1e5e3a7e4/Minni_introduceae82.jpg]
[cdn.glitch.global/4612d76b-7d7b-471f-9a0b-f9d1e5e3a7e4/Minni index0355.jpg]
[zodiac-signs-by-minni.glitch.me/index.html]
[julia-travel.glitch.me/public/style.css]
[cdn.glitch.global/6436e55b-dd97-432a-8d34-e2556b98b476/Uffizi Museum-2C1GR6T-2e291.webp]
[cdn.glitch.global/6436e55b-dd97-432a-8d34-e2556b98b476/372270664a41c.jpg]
[julia-travel.glitch.me/posts/first-post/index.html]
[cdn.glitch.global/6436e55b-dd97-432a-8d34-e2556b98b476/milan-2022-cathedral-shutterstock-700247896-hybris21cb.webp]
[cdn.glitch.global/6436e55b-dd97-432a-8d34-e2556b98b476/48e755fa14f6bbaad959a6152cffe4419c5809c9-7140x4762a1ac.avif]
[julia-travel.glitch.me/posts/second-post/index.html]
[cdn.glitch.global/6436e55b-dd97-432a-8d34-e2556b98b476/hq72013ca.jpg]
[cdn.glitch.global/6436e55b-dd97-432a-8d34-e2556b98b476/al-tramonto-in-ottobre6afb.jpg]
[julia-travel.glitch.me/posts/third-post/index.html]
[julia-travel.glitch.me/posts.html]
[julia-travel.glitch.me/about.html]
[cdn.glitch.global/6436e55b-dd97-432a-8d34-e2556b98b476/vintage-lavoie-travel-0144_u-L-Q1HV5J9027cf.jpg]
[gaming-blog.glitch.me/posts.html]
[gaming-blog.glitch.me/about.html]
[gaming-blog.glitch.me/public/style.css]
[gaming-blog.glitch.me/posts/HOI4/index.html]
[cdn.glitch.global/d48a3f14-125b-4e6c-90a8-797f2f468ce8/Hoi47ede.webp]
[cdn.glitch.global/d48a3f14-125b-4e6c-90a8-797f2f468ce8/Steam Rarest Achievement Showcase54c3.jpg]
[cdn.glitch.global/d48a3f14-125b-4e6c-90a8-797f2f468ce8/Steam Badge Collector Showcase871b.jpg]
[gaming-blog.glitch.me/posts/Steam/index.html]
[gaming-blog.glitch.me/posts/Chivalry 2/index.html]
[cdn.glitch.global/d48a3f14-125b-4e6c-90a8-797f2f468ce8/Chivalry 2 (no hands)2f13.jpg]
[disc-golf-themed-blog.glitch.me/public/style.css]
[disc-golf-themed-blog.glitch.me/posts.html]
[disc-golf-themed-blog.glitch.me/about.html]
[disc-golf-themed-blog.glitch.me/posts/post-01/index.html]
[disc-golf-themed-blog.glitch.me/posts/post-02/index.html]
[cdn.glitch.global/8373128d-3a3b-4f07-a354-e78c30b3ec74/disc-golf-7360497_640 (1)cd65.jpg]
[disc-golf-themed-blog.glitch.me/posts/post-03/index.html]
[cdn.glitch.global/7d6d361a-6c0e-4e78-b4b0-acbc68faf74e/Minasans-KVaBXa794.otf]
[vaiko-loves-music.glitch.me/public/style.css]
[vaiko-loves-music.glitch.me/posts.html]
[vaiko-loves-music.glitch.me/about.html]
[vaiko-loves-music.glitch.me/posts/001/index.html]
[vaiko-loves-music.glitch.me/posts/002/index.html]
[vaiko-loves-music.glitch.me/posts/003/index.html]
[vaiko-loves-music.glitch.me/privacy.html]
[handicraft-gallery.glitch.me/public/style.css]
[handicraft-gallery.glitch.me/public/pic.css]
[handicraft-gallery.glitch.me/posts.html]
[handicraft-gallery.glitch.me/about.html]
[cdn.glitch.global/77b28da4-b9f2-4c77-9127-c6408886faeb/Woman-hoodie-pants6d53.jpg]
[cdn.glitch.global/77b28da4-b9f2-4c77-9127-c6408886faeb/woman-hoodie-back8457.jpg]
[cdn.glitch.global/77b28da4-b9f2-4c77-9127-c6408886faeb/man-hoodie-pantsb619.jpg]
[cdn.glitch.global/77b28da4-b9f2-4c77-9127-c6408886faeb/woman-overallsc29f.jpg]
[cdn.glitch.global/77b28da4-b9f2-4c77-9127-c6408886faeb/Man-overalls1aed.jpg]
[cdn.glitch.global/77b28da4-b9f2-4c77-9127-c6408886faeb/woman-hoodie20c4.jpg]
[cdn.glitch.global/77b28da4-b9f2-4c77-9127-c6408886faeb/man-hoodieb0cb.jpg]
[handicraft-gallery.glitch.me/public/scroll.js]
[handicraft-gallery.glitch.me/posts/first-project/index.html]
[cdn.glitch.global/77b28da4-b9f2-4c77-9127-c6408886faeb/flower-crochet-top411b0.jpg]
[cdn.glitch.global/77b28da4-b9f2-4c77-9127-c6408886faeb/flower-crochet-top386ec.jpg]
[cdn.glitch.global/77b28da4-b9f2-4c77-9127-c6408886faeb/flower-crochet-top25988.jpg]
[cdn.glitch.global/77b28da4-b9f2-4c77-9127-c6408886faeb/flower-crochet-top3106.jpg]
[handicraft-gallery.glitch.me/posts/second-project/index.html]
[cdn.glitch.global/77b28da4-b9f2-4c77-9127-c6408886faeb/jw-anderson-cardigan21cfc.jpg]
[cdn.glitch.global/77b28da4-b9f2-4c77-9127-c6408886faeb/jw-anderson-cardigan3098a.jpg]
[cdn.glitch.global/77b28da4-b9f2-4c77-9127-c6408886faeb/jw-anderson-cardigan473c4.jpg]
[cdn.glitch.global/77b28da4-b9f2-4c77-9127-c6408886faeb/jw-anderson-cardigan2911c.jpg]
[handicraft-gallery.glitch.me/posts/third-project/index.html]
[cdn.glitch.global/77b28da4-b9f2-4c77-9127-c6408886faeb/corset-shorts0f73.jpg]
[cdn.glitch.global/77b28da4-b9f2-4c77-9127-c6408886faeb/pants10e1.jpg]
[cdn.glitch.global/77b28da4-b9f2-4c77-9127-c6408886faeb/star-crochet-blanketcbb7.jpg]
[handicraft-gallery.glitch.me/posts/future-ideas/index.html]
[handicraft-gallery.glitch.me/public/runaway.css]
[estonian-folk-dance.glitch.me/public/style.css]
[estonian-folk-dance.glitch.me/posts/2025-03-03/index.html]
[cdn.glitch.global/793edbf4-0336-464d-9905-8ad9fa6d5577/kaupokalda-com-dji-20230630204348-0031-d-panofbb4.jpg]
[estonian-folk-dance.glitch.me/posts/2025-03-04/index.html]
[cdn.glitch.global/793edbf4-0336-464d-9905-8ad9fa6d5577/16_9-Folk-costumes-at-the-Eesti-Rahva-Muuseum-source-erm-dot-ee7497.jpg]
[cdn.glitch.global/793edbf4-0336-464d-9905-8ad9fa6d5577/oebvkg0i.xepd957.jpg]
[cdn.glitch.global/793edbf4-0336-464d-9905-8ad9fa6d5577/j1y5odyo.bl5aaae.jpg]
[estonian-folk-dance.glitch.me/posts/2025-03-05/index.html]
[estonian-folk-dance.glitch.me/posts.html]
[estonian-folk-dance.glitch.me/about.html]
[cdn.glitch.global/c0b739b6-23ba-41e6-a719-f31704f44d6d/Untitled design-3adfc.png]
[cooking-baking-and-more.glitch.me/style.css]
[cdn.glitch.global/c0b739b6-23ba-41e6-a719-f31704f44d6d/IMG_55069f46.jpg]
[cdn.glitch.global/c0b739b6-23ba-41e6-a719-f31704f44d6d/IMG_544412e6.jpg]
[cdn.glitch.global/f5e9ce17-eb42-44ea-acb2-2887b19d431e/IMG_5557325b.jpg]
[cooking-baking-and-more.glitch.me/posts.html]
[cdn.glitch.global/f5e9ce17-eb42-44ea-acb2-2887b19d431e/IMG_10145527.jpg]
[cooking-baking-and-more.glitch.me/about.html]
[cdn.glitch.global/0eb66711-11dd-4f9d-a96a-1db64d484a31/HappyMonkey-Regular7e3c.ttf]
[cdn.glitch.global/0eb66711-11dd-4f9d-a96a-1db64d484a31/Action_Man_Shaded39b5.ttf]
[cdn.glitch.global/0eb66711-11dd-4f9d-a96a-1db64d484a31/mangat3dea.ttf]
[cdn.glitch.global/0eb66711-11dd-4f9d-a96a-1db64d484a31/201102122315351b96a8f.gif]
[japanese-onomatopoeia.glitch.me/public/style.css]
[japanese-onomatopoeia.glitch.me/posts/course-01/index.html]
[cdn.glitch.global/0eb66711-11dd-4f9d-a96a-1db64d484a31/ezgif-5d5c58b6c4697b1da7a.gif]
[japanese-onomatopoeia.glitch.me/posts/course-02/index.html]
[cdn.glitch.global/0eb66711-11dd-4f9d-a96a-1db64d484a31/ezgif-753fb60deed77b64bd.gif]
[japanese-onomatopoeia.glitch.me/posts/course-03/index.html]
[cdn.glitch.global/0eb66711-11dd-4f9d-a96a-1db64d484a31/ezgif-595f9d92750f6fee87.gif]
[cdn.glitch.global/0eb66711-11dd-4f9d-a96a-1db64d484a31/egg6cea.gif]
[cdn.glitch.global/0eb66711-11dd-4f9d-a96a-1db64d484a31/IMG_295824c7.jpg]
[cdn.glitch.global/0eb66711-11dd-4f9d-a96a-1db64d484a31/kablaaaaat-mudb68b.gif]
[cdn.glitch.global/0eb66711-11dd-4f9d-a96a-1db64d484a31/shun-akiyama-yakuzaca07.gif]
[cdn.glitch.global/0eb66711-11dd-4f9d-a96a-1db64d484a31/cat-crunch6f2d.gif]
[cdn.glitch.global/0eb66711-11dd-4f9d-a96a-1db64d484a31/cat-patatasbe9a.gif]
[cdn.glitch.global/0eb66711-11dd-4f9d-a96a-1db64d484a31/washed-cat4bb3.gif]
[cdn.glitch.global/0eb66711-11dd-4f9d-a96a-1db64d484a31/pasted image 016e8.png]
[cdn.glitch.global/0eb66711-11dd-4f9d-a96a-1db64d484a31/minecraft-minecraft-dungeons8f49.gif]
[cdn.glitch.global/0eb66711-11dd-4f9d-a96a-1db64d484a31/one-piece-luffy-sparkling-eyes-one-piece8387.gif]
[japanese-onomatopoeia.glitch.me/posts/course-04/index.html]
[cdn.glitch.global/0eb66711-11dd-4f9d-a96a-1db64d484a31/GVCyl9l6434.gif]
[cdn.glitch.global/0eb66711-11dd-4f9d-a96a-1db64d484a31/peter-capaldi-doctor-who42d5.gif]
[cdn.glitch.global/0eb66711-11dd-4f9d-a96a-1db64d484a31/goromi-angry130e.gif]
[cdn.glitch.global/0eb66711-11dd-4f9d-a96a-1db64d484a31/ichiban-yakuzaaa4f.gif]
[cdn.glitch.global/0eb66711-11dd-4f9d-a96a-1db64d484a31/sweaty-speedruner12b6.gif]
[cdn.glitch.global/0eb66711-11dd-4f9d-a96a-1db64d484a31/goosebumps-ice-bear6c23.gif]
[cdn.glitch.global/0eb66711-11dd-4f9d-a96a-1db64d484a31/IMG_29592502.jpg]
[cdn.glitch.global/0eb66711-11dd-4f9d-a96a-1db64d484a31/ezgif.com-video-to-gif_199cc.gif]
[cdn.glitch.global/0eb66711-11dd-4f9d-a96a-1db64d484a31/naoto-shirogane-naoto79b4.gif]
[cdn.glitch.global/0eb66711-11dd-4f9d-a96a-1db64d484a31/the-weeknd-weekend4a57.gif]
[cdn.glitch.global/0eb66711-11dd-4f9d-a96a-1db64d484a31/majima-goro-majima546e.gif]
[cdn.glitch.global/0eb66711-11dd-4f9d-a96a-1db64d484a31/kiryu-sad8bbf.gif]
[cdn.glitch.global/0eb66711-11dd-4f9d-a96a-1db64d484a31/nixbreakdown-ace-attorney745a.gif]
[japanese-onomatopoeia.glitch.me/posts/course-05/index.html]
[cdn.glitch.global/0eb66711-11dd-4f9d-a96a-1db64d484a31/ezgif-7e2a8a8f1f0bd7dcd4.gif]
[cdn.glitch.global/0eb66711-11dd-4f9d-a96a-1db64d484a31/sir-crocodile-laugh87b9.png]
[cdn.glitch.global/0eb66711-11dd-4f9d-a96a-1db64d484a31/brook-laughing5463.gif]
[cdn.glitch.global/0eb66711-11dd-4f9d-a96a-1db64d484a31/Marshall_D._Teach0212.webp]
[cdn.glitch.global/0eb66711-11dd-4f9d-a96a-1db64d484a31/Pica_Anime_Infoboxb500.webp]
[cdn.glitch.global/0eb66711-11dd-4f9d-a96a-1db64d484a31/fosfosfos9c4f.mp3]
[cdn.glitch.global/0eb66711-11dd-4f9d-a96a-1db64d484a31/imagesd387.jpg]
[cdn.glitch.global/0eb66711-11dd-4f9d-a96a-1db64d484a31/img76354afc.png]
[cdn.glitch.global/0eb66711-11dd-4f9d-a96a-1db64d484a31/Caesar_Clown573a.webp]
[cdn.glitch.global/0eb66711-11dd-4f9d-a96a-1db64d484a31/Dereshishishidc49.mp3]
[cdn.glitch.global/0eb66711-11dd-4f9d-a96a-1db64d484a31/Saul%27s_Laugh (1)ddc3.webp]
[japanese-onomatopoeia.glitch.me/posts/course-06/index.html]
[japanese-onomatopoeia.glitch.me/about.html]
[cdn.glitch.global/0eb66711-11dd-4f9d-a96a-1db64d484a31/ZJV_0171_SRGB4b2d.jpg]
[tournament-archive.glitch.me/public/style.css]
[tournament-archive.glitch.me/posts.html]
[tournament-archive.glitch.me/about.html]
[tournament-archive.glitch.me/posts/Telia2023/index.html]
[tournament-archive.glitch.me/posts/Wylde3v3/index.html]
[tournament-archive.glitch.me/posts/CCBALTICS2024/index.html]
[tournament-archive.glitch.me/posts/RLBTB14/index.html]
[tournament-archive.glitch.me/posts/RLEnovember2024/index.html]
[tournament-archive.glitch.me/posts/RLEdecember2024/index.html]
[cdn.glitch.global/0ddae4f8-7a63-40d6-8746-2ceb454659fc/POEBGea6f.png]
[cdn.glitch.global/0ddae4f8-7a63-40d6-8746-2ceb454659fc/terrariaBG3697.png]
[cdn.glitch.global/0ddae4f8-7a63-40d6-8746-2ceb454659fc/factorioBG42cc.png]
[tvv-games.glitch.me/style.css]
[tvv-games.glitch.me/script.js]
[cdn.glitch.global/14959078-4e0e-4099-8757-deaeea5ff26f/Lexendd05a.ttf]
[femalegamers.glitch.me/public/style.css]
[femalegamers.glitch.me/posts/trends/index.html]
[femalegamers.glitch.me/posts/firstPost/index.html]
[cdn.glitch.global/14959078-4e0e-4099-8757-deaeea5ff26f/6066463e93bae4ed93ecba53dee692aa6428.jpg]
[femalegamers.glitch.me/posts/letsplay/index.html]
[femalegamers.glitch.me/posts.html]
[femalegamers.glitch.me/about.html]
[dylan-and-animals.glitch.me/public/style.css]
[dylan-and-animals.glitch.me/posts.html]
[dylan-and-animals.glitch.me/about.html]
[cdn.glitch.global/a1b41f8a-cb3a-4623-a1cd-4df88695af21/1d6d2a4a-9f24-4623-8a7d-6dd12a895f6dc340.jpg]
[cdn.glitch.global/a1b41f8a-cb3a-4623-a1cd-4df88695af21/horseshoe-crab-76324_6409161.jpg]
[cdn.glitch.global/a1b41f8a-cb3a-4623-a1cd-4df88695af21/jellyfish-4947329_640c438.jpg]
[dylan-and-animals.glitch.me/posts/aquatic-animals/index.html]
[dylan-and-animals.glitch.me/posts/bland_animals/index.html]
[cdn.glitch.global/a1b41f8a-cb3a-4623-a1cd-4df88695af21/hedgehog-4397351_6403e1b.jpg]
[cdn.glitch.global/a1b41f8a-cb3a-4623-a1cd-4df88695af21/Ankylosaurus_600698c.jpg]
[cdn.glitch.global/a1b41f8a-cb3a-4623-a1cd-4df88695af21/9cc6067bdc5fbcdd71e6f2a47f780370c323.jpg]
[cdn.glitch.global/a1b41f8a-cb3a-4623-a1cd-4df88695af21/eyJidWNrZXQiOiJjb250ZW50Lmhzd3N0YXRpYy5jb20iLCJrZXkiOiJnaWZcL3NodXR0ZXJzdG9jay0yMDI4Mjk4NjczLmpwZyIsImVkaXRzIjp7InJlc2l6ZSI6eyJ3aWR0aCI6ODI4fX191d1b.webp]
[dylan-and-animals.glitch.me/posts/dinosaurs/index.html]
[zealous-elderly-hide.glitch.me/public/style.css]
[cdn.glitch.global/c8151369-9659-43ad-9d99-d3ff323890f0/my-image (2)3b59.png]
[zealous-elderly-hide.glitch.me/posts.html]
[zealous-elderly-hide.glitch.me/memes.html]
[cdn.glitch.global/c8151369-9659-43ad-9d99-d3ff323890f0/d66a3a98-3fd1-492e-b770-ce1b9b6a814c.image9f82.png]
[cdn.glitch.global/c8151369-9659-43ad-9d99-d3ff323890f0/5ed4b470-17ac-4588-b861-f1271ff83e0a.image3357.png]
[cdn.glitch.global/c8151369-9659-43ad-9d99-d3ff323890f0/20a61478-e347-410a-992a-84eb45586639.image6556.png]
[cdn.glitch.global/c8151369-9659-43ad-9d99-d3ff323890f0/projectcentury4504.png]
[zealous-elderly-hide.glitch.me/soon.html]
[cdn.glitch.global/c8151369-9659-43ad-9d99-d3ff323890f0/reddeadscreenshot25409.png]
[cdn.glitch.global/c8151369-9659-43ad-9d99-d3ff323890f0/e1c63f6d-0aa1-4be0-9327-436764c74e90.image28d2.png]
[cdn.glitch.global/c8151369-9659-43ad-9d99-d3ff323890f0/eab0491c-303c-4559-a8f5-bce2e59885da.imagefae2.png]
[cdn.glitch.global/c8151369-9659-43ad-9d99-d3ff323890f0/reddeadscreenshot1bde3.png]
[cdn.glitch.global/c8151369-9659-43ad-9d99-d3ff323890f0/2ffb8e9d-5dca-4f14-bd5d-beaf6277372a.image6368.png]
[cdn.glitch.global/c8151369-9659-43ad-9d99-d3ff323890f0/7037f7f6-3e1b-471c-90ac-b483708d61ed.image51f7.png]
[cdn.glitch.global/c8151369-9659-43ad-9d99-d3ff323890f0/majimaandnoahe43b.jpg]
[cdn.glitch.global/c8151369-9659-43ad-9d99-d3ff323890f0/majimawithanimald100.jpg]
[cdn.glitch.global/c8151369-9659-43ad-9d99-d3ff323890f0/majimasbackecbc.jpg]
[cdn.glitch.global/c8151369-9659-43ad-9d99-d3ff323890f0/da229c5b-b0f6-4646-8fab-4ca466c1e438.image2061.png]
[cdn.glitch.global/c8151369-9659-43ad-9d99-d3ff323890f0/mibobmaclat57e8.jpg]
[cdn.glitch.global/c8151369-9659-43ad-9d99-d3ff323890f0/majima0d48.jpg]
[cdn.glitch.global/c8151369-9659-43ad-9d99-d3ff323890f0/lastfight4ee2.jpg]
[cdn.glitch.global/c8151369-9659-43ad-9d99-d3ff323890f0/20240812020837_19bd5.jpg]
[cdn.glitch.global/c8151369-9659-43ad-9d99-d3ff323890f0/izaetojaotdal3k025f.png]
[cdn.glitch.global/c8151369-9659-43ad-9d99-d3ff323890f0/scratchandowlbearcub97d1.png]
[cdn.glitch.global/c8151369-9659-43ad-9d99-d3ff323890f0/averageastarionexpirience99bf.png]
[cdn.glitch.global/c8151369-9659-43ad-9d99-d3ff323890f0/20240818230355_159a1.jpg]
[cdn.glitch.global/c8151369-9659-43ad-9d99-d3ff323890f0/dogtown0a99.png]
[cdn.glitch.global/c8151369-9659-43ad-9d99-d3ff323890f0/photomode_03012024_01421915e6.png]
[cdn.glitch.global/c8151369-9659-43ad-9d99-d3ff323890f0/photomode_21122023_115717ad74.png]
[cdn.glitch.global/c8151369-9659-43ad-9d99-d3ff323890f0/photomode_12122020_1738296f7f.png]
[cdn.glitch.global/c8151369-9659-43ad-9d99-d3ff323890f0/photomode_20122023_004801a98e.png]
[cdn.glitch.global/c8151369-9659-43ad-9d99-d3ff323890f0/4095e838-eabd-419d-a2af-32cdf2ca4cda.image9ea8.png]
[cdn.glitch.global/c8151369-9659-43ad-9d99-d3ff323890f0/7c3bf43f-096c-4b7d-b12a-90f44525d271.imagef751.png]
[cdn.glitch.global/c8151369-9659-43ad-9d99-d3ff323890f0/653fc1c4-a3ba-40bf-b14e-e5dd5bcb0083.image87f2.png]
[cdn.glitch.global/c8151369-9659-43ad-9d99-d3ff323890f0/a45e1e83-5628-4eed-b288-59f28f3eed5c.image09b4.png]
[cdn.glitch.global/c8151369-9659-43ad-9d99-d3ff323890f0/181bae4f-8598-4575-ad49-e7524800f027.image4315.png]
[zealous-elderly-hide.glitch.me/gallery.html]
[zealous-elderly-hide.glitch.me/music.html]
[zealous-elderly-hide.glitch.me/about.html]
[cdn.glitch.global/c8151369-9659-43ad-9d99-d3ff323890f0/asdfawe29ee.png]
[cdn.glitch.global/c8151369-9659-43ad-9d99-d3ff323890f0/20230425150330_1179a.jpg]
[cdn.glitch.global/c8151369-9659-43ad-9d99-d3ff323890f0/65498983_682924062180586_7914115062703325184_oc336.jpg]
[zealous-elderly-hide.glitch.me/posts/RedDead/index.html]
[cdn.glitch.global/c8151369-9659-43ad-9d99-d3ff323890f0/20250202021436_153cb.jpg]
[cdn.glitch.global/c8151369-9659-43ad-9d99-d3ff323890f0/20250202014927_19164.jpg]
[cdn.glitch.global/c8151369-9659-43ad-9d99-d3ff323890f0/20250201180424_17198.jpg]
[zealous-elderly-hide.glitch.me/posts/masseffect2/index.html]
[cdn.glitch.global/494c280d-154e-4a99-9030-b912d79fb5ab/2b36cf58-b867-4b9c-a224-475233a61811.image387b.png]
[zealous-elderly-hide.glitch.me/posts/yakuzapirates/index.html]
[zealous-elderly-hide.glitch.me/friday.html]
[cdn.glitch.global/973177ac-c364-4d3d-a30c-9fc5255902e7/MigaeSemibold-3zd2Mba12.otf]
[cdn.glitch.global/973177ac-c364-4d3d-a30c-9fc5255902e7/green60b2.png]
[design-testblog.glitch.me/public/style.css]
[cdn.glitch.global/973177ac-c364-4d3d-a30c-9fc5255902e7/if-you-couldnt-customise-your-detective-which-archetype-v0-eicOp37IIYwM5MrjR73F4KnT-oTnuY2Jm4VctTz6LAU0240.webp]
[cdn.glitch.global/973177ac-c364-4d3d-a30c-9fc5255902e7/20191127171244_10036.jpg]
[cdn.glitch.global/973177ac-c364-4d3d-a30c-9fc5255902e7/PC Computer - Disco Elysium - Rue de Saint-Ghislained15a.png]
[cdn.glitch.global/973177ac-c364-4d3d-a30c-9fc5255902e7/Portrait_deserter5175.webp]
[design-testblog.glitch.me/posts/first-post/index.html]
[cdn.glitch.global/973177ac-c364-4d3d-a30c-9fc5255902e7/backagaimb3e7.png]
[cdn.glitch.global/973177ac-c364-4d3d-a30c-9fc5255902e7/notsailorc526.png]
[cdn.glitch.global/973177ac-c364-4d3d-a30c-9fc5255902e7/batterupedited5c0a.png]
[cdn.glitch.global/973177ac-c364-4d3d-a30c-9fc5255902e7/Illustration3a681.png]
[cdn.glitch.global/973177ac-c364-4d3d-a30c-9fc5255902e7/111sldr2bf3.png]
[design-testblog.glitch.me/posts/second-post/index.html]
[cdn.glitch.global/973177ac-c364-4d3d-a30c-9fc5255902e7/craig-mullins9b1a.jpg]
[cdn.glitch.global/973177ac-c364-4d3d-a30c-9fc5255902e7/aee1b69ab4d9d7358b3039a5e732a814c8bb.jpg]
[cdn.glitch.global/973177ac-c364-4d3d-a30c-9fc5255902e7/6086f44951fa598ff1616c42470ec7becccf.jpg]
[cdn.glitch.global/973177ac-c364-4d3d-a30c-9fc5255902e7/dove10_14d260.jpg]
[cdn.glitch.global/973177ac-c364-4d3d-a30c-9fc5255902e7/interior2_19474e.jpg]
[cdn.glitch.global/973177ac-c364-4d3d-a30c-9fc5255902e7/sa_ChernabogDeathA_12_6eed4.jpg]
[cdn.glitch.global/973177ac-c364-4d3d-a30c-9fc5255902e7/research_int6_282970.jpg]
[cdn.glitch.global/973177ac-c364-4d3d-a30c-9fc5255902e7/cave17b1d.jpg]
[cdn.glitch.global/973177ac-c364-4d3d-a30c-9fc5255902e7/339792f3483897740a80b61129cbcb2551a2.jpg]
[cdn.glitch.global/973177ac-c364-4d3d-a30c-9fc5255902e7/6750214483fe80b3de767fc1e74c731e0039.jpg]
[design-testblog.glitch.me/posts/third-post/index.html]
[cdn.glitch.global/973177ac-c364-4d3d-a30c-9fc5255902e7/947d3c2a08652ebd5f778c77c4d9334073e7.gif]
[design-testblog.glitch.me/posts.html]
[cdn.glitch.global/973177ac-c364-4d3d-a30c-9fc5255902e7/https___64_media.tumblr.com_295015917378fb931e5aaef29bcf5dc1_tumblr_p5llyyubH91wez7sto1_5004538.gif]
[design-testblog.glitch.me/about.html]
[purrfect-blog.glitch.me/public/style.css]
[purrfect-blog.glitch.me/posts.html]
[purrfect-blog.glitch.me/about.html]
[purrfect-blog.glitch.me/posts/10-fun-facts-you-probably-didnt-know/index.html]
[purrfect-blog.glitch.me/posts/quiz-what-kind-of-a-cat-are-you/index.html]
[purrfect-blog.glitch.me/posts/5-ways-to-make-your-home-more-cat-friendly/index.html]
[cdn.glitch.global/72269cee-1b74-40ea-8dc7-7b425d754367/Minecraftia0c7b.ttf]
[cdn.glitch.global/72269cee-1b74-40ea-8dc7-7b425d754367/bambood958.png]
[my-mc-blog.glitch.me/public/style.css]
[cdn.glitch.global/72269cee-1b74-40ea-8dc7-7b425d754367/minecraftbanner7a71.png]
[cdn.glitch.global/72269cee-1b74-40ea-8dc7-7b425d754367/minecraftloom23d8.png]
[cdn.glitch.global/72269cee-1b74-40ea-8dc7-7b425d754367/loomtable8eb3.png]
[cdn.glitch.global/72269cee-1b74-40ea-8dc7-7b425d754367/header9e1c.png]
[cdn.glitch.global/72269cee-1b74-40ea-8dc7-7b425d754367/illager6435.avif]
[cdn.glitch.global/72269cee-1b74-40ea-8dc7-7b425d754367/woodland4e9b.avif]
[cdn.glitch.global/72269cee-1b74-40ea-8dc7-7b425d754367/End27325.avif]
[cdn.glitch.global/72269cee-1b74-40ea-8dc7-7b425d754367/endcitye822.jpg]
[my-mc-blog.glitch.me/posts/1post/index.html]
[cdn.glitch.global/72269cee-1b74-40ea-8dc7-7b425d754367/housefirstb999.png]
[cdn.glitch.global/72269cee-1b74-40ea-8dc7-7b425d754367/valisvariant4b226.png]
[cdn.glitch.global/72269cee-1b74-40ea-8dc7-7b425d754367/2025-03-06_21.18.315c35.png]
[cdn.glitch.global/72269cee-1b74-40ea-8dc7-7b425d754367/kindelsise4f45.png]
[cdn.glitch.global/72269cee-1b74-40ea-8dc7-7b425d754367/sisevariantb99b.png]
[cdn.glitch.global/72269cee-1b74-40ea-8dc7-7b425d754367/sisevariant5d12d.png]
[my-mc-blog.glitch.me/posts/2post/index.html]
[cdn.glitch.global/72269cee-1b74-40ea-8dc7-7b425d754367/flowead5.jpg]
[cdn.glitch.global/72269cee-1b74-40ea-8dc7-7b425d754367/flowed4b.webp]
[cdn.glitch.global/72269cee-1b74-40ea-8dc7-7b425d754367/kindelkass6562.png]
[cdn.glitch.global/72269cee-1b74-40ea-8dc7-7b425d754367/catc600.png]
[cdn.glitch.global/72269cee-1b74-40ea-8dc7-7b425d754367/kindelkass226de.png]
[cdn.glitch.global/72269cee-1b74-40ea-8dc7-7b425d754367/catmc197a.png]
[my-mc-blog.glitch.me/posts/3post/index.html]
[cdn.glitch.global/72269cee-1b74-40ea-8dc7-7b425d754367/bee-minecraft8097.gif]
[my-mc-blog.glitch.me/about.html]
[tournament-blog.glitch.me/public/style.css]
[tournament-blog.glitch.me/posts/paris2022/index.html]
[cdn.glitch.global/46ab44fd-4fb3-4859-940d-8f76bcc24a32/espotdf65.png]
[tournament-blog.glitch.me/posts/st-pol-sur-ternois2023/index.html]
[cdn.glitch.global/46ab44fd-4fb3-4859-940d-8f76bcc24a32/PXL_20231028_104446294f7b6.jpg]
[tournament-blog.glitch.me/posts/stockholm2024/index.html]
[cdn.glitch.global/46ab44fd-4fb3-4859-940d-8f76bcc24a32/IMG2024112315322153b5.jpg]
[tournament-blog.glitch.me/posts.html]
[tournament-blog.glitch.me/about.html]
[my-hobby-blog.glitch.me/public/style.css]
[cdn.glitch.global/9ca0c5df-20a8-4e95-88a0-ea96aa232107/firstb987.gif]
[cdn.glitch.global/9ca0c5df-20a8-4e95-88a0-ea96aa232107/pixel_autumn_by_forheksed_dbre5dq-pre72bb.jpg]
[cdn.glitch.global/9ca0c5df-20a8-4e95-88a0-ea96aa232107/guardian_by_vexim_detgxrx-pre5a43.jpg]
[cdn.glitch.global/9ca0c5df-20a8-4e95-88a0-ea96aa232107/snowy_gryphon_by_chickenbusiness_d9o7pjm-fullview495a.jpg]
[cdn.glitch.global/9ca0c5df-20a8-4e95-88a0-ea96aa232107/perfomance_of_the_heaven_by_rhads_d97wwgt-fullview88a8.jpg]
[my-hobby-blog.glitch.me/posts/first_post/index.html]
[cdn.glitch.global/9ca0c5df-20a8-4e95-88a0-ea96aa232107/Krita8c0a.png]
[cdn.glitch.global/9ca0c5df-20a8-4e95-88a0-ea96aa232107/gimpd2e0.jpg]
[cdn.glitch.global/9ca0c5df-20a8-4e95-88a0-ea96aa232107/paint89f5.jpg]
[cdn.glitch.global/9ca0c5df-20a8-4e95-88a0-ea96aa232107/sketchbook3c5af.jpg]
[cdn.glitch.global/9ca0c5df-20a8-4e95-88a0-ea96aa232107/medibang772c.jpg]
[cdn.glitch.global/9ca0c5df-20a8-4e95-88a0-ea96aa232107/ibis paint6b20.jpg]
[my-hobby-blog.glitch.me/posts/second-post/index.html]
[cdn.glitch.global/9ca0c5df-20a8-4e95-88a0-ea96aa232107/part1c9f6.jpg]
[cdn.glitch.global/9ca0c5df-20a8-4e95-88a0-ea96aa232107/part256c3.jpg]
[cdn.glitch.global/9ca0c5df-20a8-4e95-88a0-ea96aa232107/part32ecb.jpg]
[cdn.glitch.global/9ca0c5df-20a8-4e95-88a0-ea96aa232107/part49b1e.jpg]
[cdn.glitch.global/9ca0c5df-20a8-4e95-88a0-ea96aa232107/part5ffeb.jpg]
[cdn.glitch.global/9ca0c5df-20a8-4e95-88a0-ea96aa232107/part642e0.jpg]
[cdn.glitch.global/9ca0c5df-20a8-4e95-88a0-ea96aa232107/part7936a.jpg]
[cdn.glitch.global/9ca0c5df-20a8-4e95-88a0-ea96aa232107/part86fb3.jpg]
[cdn.glitch.global/9ca0c5df-20a8-4e95-88a0-ea96aa232107/part9b50b.jpg]
[cdn.glitch.global/9ca0c5df-20a8-4e95-88a0-ea96aa232107/part101768.jpg]
[cdn.glitch.global/9ca0c5df-20a8-4e95-88a0-ea96aa232107/part11b01e.jpg]
[cdn.glitch.global/9ca0c5df-20a8-4e95-88a0-ea96aa232107/part12a777.jpg]
[cdn.glitch.global/9ca0c5df-20a8-4e95-88a0-ea96aa232107/part132b47.jpg]
[cdn.glitch.global/9ca0c5df-20a8-4e95-88a0-ea96aa232107/part145f64.jpg]
[cdn.glitch.global/9ca0c5df-20a8-4e95-88a0-ea96aa232107/part152850.jpg]
[cdn.glitch.global/9ca0c5df-20a8-4e95-88a0-ea96aa232107/part1660ff.jpg]
[cdn.glitch.global/9ca0c5df-20a8-4e95-88a0-ea96aa232107/final7b9f.png]
[my-hobby-blog.glitch.me/posts/third-post/index.html]
[my-hobby-blog.glitch.me/posts.html]
[my-hobby-blog.glitch.me/about.html]
[kats-sports-blog.glitch.me/public/style.css]
[cdn.glitch.global/34c1a546-ce0b-4945-9c09-fc613747c18e/EST_FIN_Camp_23.11.24-1-40f712.jpg]
[kats-sports-blog.glitch.me/posts/2024-11-23-the-fall/index.html]
[cdn.glitch.global/34c1a546-ce0b-4945-9c09-fc613747c18e/66 - Tallinn - Rugby F competition - March 24-261_fullres61bf.jpg]
[cdn.glitch.global/34c1a546-ce0b-4945-9c09-fc613747c18e/IMG_20240326_2007139216.jpg]
[cdn.glitch.global/34c1a546-ce0b-4945-9c09-fc613747c18e/IMG_20240326_201316b933.jpg]
[kats-sports-blog.glitch.me/posts/2024-12-09-the-knee-is-not-healing-as-it-should/index.html]
[cdn.glitch.global/34c1a546-ce0b-4945-9c09-fc613747c18e/FmvRuADaUAEqnSDbb70.jpg]
[kats-sports-blog.glitch.me/posts/2025-01-03-running-from-doctor-to-doctor/index.html]
[cdn.glitch.global/34c1a546-ce0b-4945-9c09-fc613747c18e/56162faf.avif]
[kats-sports-blog.glitch.me/posts/2025-01-07-mri-results/index.html]
[kats-sports-blog.glitch.me/posts.html]
[kats-sports-blog.glitch.me/about.html]
[hobby-garden-site.glitch.me/public/style.css]
[cdn.glitch.global/ddce094d-da91-4b1b-8f3f-a7ee31163e90/TwoDucks62cc.webp]
[cdn.glitch.global/ddce094d-da91-4b1b-8f3f-a7ee31163e90/IMG_93068399.webp]
[cdn.glitch.global/ddce094d-da91-4b1b-8f3f-a7ee31163e90/duck1b944.webp]
[cdn.glitch.global/ddce094d-da91-4b1b-8f3f-a7ee31163e90/IMG_93084057.webp]
[hobby-garden-site.glitch.me/posts/first-post/index.html]
[hobby-garden-site.glitch.me/posts/post-2/index.html]
[cdn.glitch.global/ddce094d-da91-4b1b-8f3f-a7ee31163e90/SofiDog7fd1.webp]
[hobby-garden-site.glitch.me/posts.html]
[hobby-garden-site.glitch.me/about.html]
[cdn.glitch.global/ddce094d-da91-4b1b-8f3f-a7ee31163e90/20250502_1557455c3e.jpg]
[beatmaking-blog.glitch.me/public/style.css]
[beatmaking-blog.glitch.me/posts/beatmaking-self-expression/index.html]
[beatmaking-blog.glitch.me/posts/creativity-vs-technique/index.html]
[beatmaking-blog.glitch.me/posts/beat-creation-process/index.html]
[beatmaking-blog.glitch.me/posts.html]
[beatmaking-blog.glitch.me/about.html]
[zodiac-signs-by-minni.glitch.me/public/style.css]
[zodiac-signs-by-minni.glitch.me/posts.html]
[cdn.glitch.global/4612d76b-7d7b-471f-9a0b-f9d1e5e3a7e4/Minni_and_mom61f1.jpg]
[zodiac-signs-by-minni.glitch.me/about.html]
[cdn.glitch.global/4612d76b-7d7b-471f-9a0b-f9d1e5e3a7e4/Minni ariesbc74.png]
[zodiac-signs-by-minni.glitch.me/posts/Aries/index.html]
[cdn.glitch.global/4612d76b-7d7b-471f-9a0b-f9d1e5e3a7e4/Nimetu kujundus (3)0b30.png]
[zodiac-signs-by-minni.glitch.me/posts/Taurus/index.html]
[cdn.glitch.global/4612d76b-7d7b-471f-9a0b-f9d1e5e3a7e4/Minni_gemini4f65.png]
[zodiac-signs-by-minni.glitch.me/posts/Gemini/index.html]
[cdn.glitch.global/4612d76b-7d7b-471f-9a0b-f9d1e5e3a7e4/Minni_cancer9f29.png]
[zodiac-signs-by-minni.glitch.me/posts/Cancer/index.html]
[cdn.glitch.global/4612d76b-7d7b-471f-9a0b-f9d1e5e3a7e4/Minni_leo5dc8.png]
[zodiac-signs-by-minni.glitch.me/posts/Leo/index.html]
[julia-travel.glitch.me/posts/index.html]
[julia-travel.glitch.me/about/index.html]
[gaming-blog.glitch.me/posts/index.html]
[gaming-blog.glitch.me/about/index.html]
[disc-golf-themed-blog.glitch.me/posts/index.html]
[disc-golf-themed-blog.glitch.me/about/index.html]
[vaiko-loves-music.glitch.me/posts/index.html]
[vaiko-loves-music.glitch.me/about/index.html]
[vaiko-loves-music.glitch.me/privacy/index.html]
[handicraft-gallery.glitch.me/posts/index.html]
[handicraft-gallery.glitch.me/about/index.html]
[estonian-folk-dance.glitch.me/posts/index.html]
[estonian-folk-dance.glitch.me/about/index.html]
[cooking-baking-and-more.glitch.me/posts.css]
[cdn.glitch.global/c0b739b6-23ba-41e6-a719-f31704f44d6d/IMG_5496d47a.jpg]
[cdn.glitch.global/c0b739b6-23ba-41e6-a719-f31704f44d6d/IMG_5498eacb.jpg]
[cdn.glitch.global/c0b739b6-23ba-41e6-a719-f31704f44d6d/IMG_5501fd8b.jpg]
[cdn.glitch.global/f5e9ce17-eb42-44ea-acb2-2887b19d431e/IMG_55140aaa.jpg]
[cooking-baking-and-more.glitch.me/post1.html]
[cdn.glitch.global/f5e9ce17-eb42-44ea-acb2-2887b19d431e/IMG_5406e90c.jpg]
[cdn.glitch.global/f5e9ce17-eb42-44ea-acb2-2887b19d431e/IMG_5428cf83.jpg]
[cdn.glitch.global/f5e9ce17-eb42-44ea-acb2-2887b19d431e/IMG_541837e6.jpg]
[cdn.glitch.global/f5e9ce17-eb42-44ea-acb2-2887b19d431e/IMG_54567009.jpg]
[cooking-baking-and-more.glitch.me/post2.html]
[cdn.glitch.global/f5e9ce17-eb42-44ea-acb2-2887b19d431e/IMG_5549eeff.jpg]
[cdn.glitch.global/f5e9ce17-eb42-44ea-acb2-2887b19d431e/IMG_55519bf3.jpg]
[cdn.glitch.global/f5e9ce17-eb42-44ea-acb2-2887b19d431e/IMG_5555429f.jpg]
[cdn.glitch.global/f5e9ce17-eb42-44ea-acb2-2887b19d431e/IMG_555912ca.jpg]
[cooking-baking-and-more.glitch.me/post3.html]
[cooking-baking-and-more.glitch.me/about.css]
[japanese-onomatopoeia.glitch.me/about/index.html]
[tournament-archive.glitch.me/posts/index.html]
[tournament-archive.glitch.me/about/index.html]
[cdn.glitch.global/0d320623-0dcd-4859-a2d4-99616c17b1ab/giphy (1]
[cdn.glitch.global/0d320623-0dcd-4859-a2d4-99616c17b1ab/giphy (4]
[cdn.glitch.global/0d320623-0dcd-4859-a2d4-99616c17b1ab/giphy (5]
[femalegamers.glitch.me/posts/index.html]
[femalegamers.glitch.me/about/index.html]
[dylan-and-animals.glitch.me/posts/index.html]
[dylan-and-animals.glitch.me/about/index.html]
[zealous-elderly-hide.glitch.me/posts/index.html]
[zealous-elderly-hide.glitch.me/memes/index.html]
[zealous-elderly-hide.glitch.me/soon/index.html]
[zealous-elderly-hide.glitch.me/gallery/index.html]
[zealous-elderly-hide.glitch.me/music/index.html]
[zealous-elderly-hide.glitch.me/about/index.html]
[zealous-elderly-hide.glitch.me/friday/index.html]
[design-testblog.glitch.me/posts/index.html]
[design-testblog.glitch.me/about/index.html]
[purrfect-blog.glitch.me/posts/index.html]
[purrfect-blog.glitch.me/about/index.html]
[my-mc-blog.glitch.me/about/index.html]
[tournament-blog.glitch.me/posts/index.html]
[tournament-blog.glitch.me/about/index.html]
[my-hobby-blog.glitch.me/posts/index.html]
[my-hobby-blog.glitch.me/about/index.html]
[kats-sports-blog.glitch.me/posts/index.html]
[kats-sports-blog.glitch.me/about/index.html]
[hobby-garden-site.glitch.me/posts/index.html]
[hobby-garden-site.glitch.me/about/index.html]
[beatmaking-blog.glitch.me/posts/index.html]
[beatmaking-blog.glitch.me/about/index.html]
[zodiac-signs-by-minni.glitch.me/posts/index.html]
[zodiac-signs-by-minni.glitch.me/about/index.html]
[cooking-baking-and-more.glitch.me/post1.css]
